Component: ARM Compiler 5.06 update 6 (build 750) Tool: armlink [4d35ed]

==============================================================================

Section Cross References

    startup_stm32f103xe.o(RESET) refers to startup_stm32f103xe.o(STACK) for __initial_sp
    startup_stm32f103xe.o(RESET) refers to startup_stm32f103xe.o(.text) for Reset_Handler
    startup_stm32f103xe.o(RESET) refers to stm32f10x_it.o(i.NMI_Handler) for NMI_Handler
    startup_stm32f103xe.o(RESET) refers to stm32f10x_it.o(i.HardFault_Handler) for HardFault_Handler
    startup_stm32f103xe.o(RESET) refers to stm32f10x_it.o(i.MemManage_Handler) for MemManage_Handler
    startup_stm32f103xe.o(RESET) refers to stm32f10x_it.o(i.BusFault_Handler) for BusFault_Handler
    startup_stm32f103xe.o(RESET) refers to stm32f10x_it.o(i.UsageFault_Handler) for UsageFault_Handler
    startup_stm32f103xe.o(RESET) refers to stm32f10x_it.o(i.SVC_Handler) for SVC_Handler
    startup_stm32f103xe.o(RESET) refers to stm32f10x_it.o(i.DebugMon_Handler) for DebugMon_Handler
    startup_stm32f103xe.o(RESET) refers to stm32f10x_it.o(i.PendSV_Handler) for PendSV_Handler
    startup_stm32f103xe.o(RESET) refers to stm32f10x_it.o(i.SysTick_Handler) for SysTick_Handler
    startup_stm32f103xe.o(RESET) refers to stm32f10x_it.o(i.EXTI3_IRQHandler) for EXTI3_IRQHandler
    startup_stm32f103xe.o(RESET) refers to stm32f10x_it.o(i.EXTI4_IRQHandler) for EXTI4_IRQHandler
    startup_stm32f103xe.o(RESET) refers to stm32f10x_it.o(i.EXTI9_5_IRQHandler) for EXTI9_5_IRQHandler
    startup_stm32f103xe.o(RESET) refers to stm32f10x_it.o(i.USART3_IRQHandler) for USART3_IRQHandler
    startup_stm32f103xe.o(.text) refers to system_stm32f10x.o(i.SystemInit) for SystemInit
    startup_stm32f103xe.o(.text) refers to entry.o(.ARM.Collect$$$$00000000) for __main
    system_stm32f10x.o(i.SetSysClock) refers to system_stm32f10x.o(i.SetSysClockTo72) for SetSysClockTo72
    system_stm32f10x.o(i.SystemCoreClockUpdate) refers to system_stm32f10x.o(.data) for .data
    system_stm32f10x.o(i.SystemInit) refers to system_stm32f10x.o(i.SetSysClock) for SetSysClock
    stm32f10x_adc.o(i.ADC_DeInit) refers to stm32f10x_rcc.o(i.RCC_APB2PeriphResetCmd) for RCC_APB2PeriphResetCmd
    stm32f10x_bkp.o(i.BKP_DeInit) refers to stm32f10x_rcc.o(i.RCC_BackupResetCmd) for RCC_BackupResetCmd
    stm32f10x_can.o(i.CAN_DeInit) refers to stm32f10x_rcc.o(i.RCC_APB1PeriphResetCmd) for RCC_APB1PeriphResetCmd
    stm32f10x_can.o(i.CAN_GetITStatus) refers to stm32f10x_can.o(i.CheckITStatus) for CheckITStatus
    stm32f10x_cec.o(i.CEC_DeInit) refers to stm32f10x_rcc.o(i.RCC_APB1PeriphResetCmd) for RCC_APB1PeriphResetCmd
    stm32f10x_dac.o(i.DAC_DeInit) refers to stm32f10x_rcc.o(i.RCC_APB1PeriphResetCmd) for RCC_APB1PeriphResetCmd
    stm32f10x_flash.o(i.FLASH_EnableWriteProtection) refers to stm32f10x_flash.o(i.FLASH_WaitForLastOperation) for FLASH_WaitForLastOperation
    stm32f10x_flash.o(i.FLASH_EraseAllBank1Pages) refers to stm32f10x_flash.o(i.FLASH_WaitForLastBank1Operation) for FLASH_WaitForLastBank1Operation
    stm32f10x_flash.o(i.FLASH_EraseAllPages) refers to stm32f10x_flash.o(i.FLASH_WaitForLastOperation) for FLASH_WaitForLastOperation
    stm32f10x_flash.o(i.FLASH_EraseOptionBytes) refers to stm32f10x_flash.o(i.FLASH_GetReadOutProtectionStatus) for FLASH_GetReadOutProtectionStatus
    stm32f10x_flash.o(i.FLASH_EraseOptionBytes) refers to stm32f10x_flash.o(i.FLASH_WaitForLastOperation) for FLASH_WaitForLastOperation
    stm32f10x_flash.o(i.FLASH_ErasePage) refers to stm32f10x_flash.o(i.FLASH_WaitForLastOperation) for FLASH_WaitForLastOperation
    stm32f10x_flash.o(i.FLASH_ProgramHalfWord) refers to stm32f10x_flash.o(i.FLASH_WaitForLastOperation) for FLASH_WaitForLastOperation
    stm32f10x_flash.o(i.FLASH_ProgramOptionByteData) refers to stm32f10x_flash.o(i.FLASH_WaitForLastOperation) for FLASH_WaitForLastOperation
    stm32f10x_flash.o(i.FLASH_ProgramWord) refers to stm32f10x_flash.o(i.FLASH_WaitForLastOperation) for FLASH_WaitForLastOperation
    stm32f10x_flash.o(i.FLASH_ReadOutProtection) refers to stm32f10x_flash.o(i.FLASH_WaitForLastOperation) for FLASH_WaitForLastOperation
    stm32f10x_flash.o(i.FLASH_UserOptionByteConfig) refers to stm32f10x_flash.o(i.FLASH_WaitForLastOperation) for FLASH_WaitForLastOperation
    stm32f10x_flash.o(i.FLASH_WaitForLastBank1Operation) refers to stm32f10x_flash.o(i.FLASH_GetBank1Status) for FLASH_GetBank1Status
    stm32f10x_flash.o(i.FLASH_WaitForLastOperation) refers to stm32f10x_flash.o(i.FLASH_GetBank1Status) for FLASH_GetBank1Status
    stm32f10x_gpio.o(i.GPIO_AFIODeInit) refers to stm32f10x_rcc.o(i.RCC_APB2PeriphResetCmd) for RCC_APB2PeriphResetCmd
    stm32f10x_gpio.o(i.GPIO_DeInit) refers to stm32f10x_rcc.o(i.RCC_APB2PeriphResetCmd) for RCC_APB2PeriphResetCmd
    stm32f10x_i2c.o(i.I2C_DeInit) refers to stm32f10x_rcc.o(i.RCC_APB1PeriphResetCmd) for RCC_APB1PeriphResetCmd
[...]
    Removing stm32f10x_flash.o(i.FLASH_ClearFlag), (12 bytes).
    Removing stm32f10x_flash.o(i.FLASH_EnableWriteProtection), (172 bytes).
    Removing stm32f10x_flash.o(i.FLASH_EraseAllBank1Pages), (56 bytes).
    Removing stm32f10x_flash.o(i.FLASH_EraseAllPages), (56 bytes).
    Removing stm32f10x_flash.o(i.FLASH_EraseOptionBytes), (136 bytes).
    Removing stm32f10x_flash.o(i.FLASH_ErasePage), (60 bytes).
    Removing stm32f10x_flash.o(i.FLASH_GetBank1Status), (40 bytes).
    Removing stm32f10x_flash.o(i.FLASH_GetFlagStatus), (36 bytes).
    Removing stm32f10x_flash.o(i.FLASH_GetPrefetchBufferStatus), (20 bytes).
    Removing stm32f10x_flash.o(i.FLASH_GetReadOutProtectionStatus), (20 bytes).
    Removing stm32f10x_flash.o(i.FLASH_GetStatus), (40 bytes).
    Removing stm32f10x_flash.o(i.FLASH_GetUserOptionByte), (12 bytes).
    Removing stm32f10x_flash.o(i.FLASH_GetWriteProtectionOptionByte), (12 bytes).
    Removing stm32f10x_flash.o(i.FLASH_HalfCycleAccessCmd), (24 bytes).
    Removing stm32f10x_flash.o(i.FLASH_ITConfig), (28 bytes).
    Removing stm32f10x_flash.o(i.FLASH_Lock), (16 bytes).
    Removing stm32f10x_flash.o(i.FLASH_LockBank1), (16 bytes).
    Removing stm32f10x_flash.o(i.FLASH_ProgramHalfWord), (52 bytes).
    Removing stm32f10x_flash.o(i.FLASH_ProgramOptionByteData), (76 bytes).
    Removing stm32f10x_flash.o(i.FLASH_ProgramWord), (92 bytes).
    Removing stm32f10x_flash.o(i.FLASH_ReadOutProtection), (136 bytes).
    Removing stm32f10x_flash.o(i.FLASH_Unlock), (24 bytes).
    Removing stm32f10x_flash.o(i.FLASH_UnlockBank1), (24 bytes).
    Removing stm32f10x_flash.o(i.FLASH_UserOptionByteConfig), (96 bytes).
    Removing stm32f10x_flash.o(i.FLASH_WaitForLastBank1Operation), (32 bytes).
    Removing stm32f10x_flash.o(i.FLASH_WaitForLastOperation), (32 bytes).
    Removing stm32f10x_fsmc.o(i.FSMC_ClearFlag), (42 bytes).
    Removing stm32f10x_fsmc.o(i.FSMC_ClearITPendingBit), (48 bytes).
    Removing stm32f10x_fsmc.o(i.FSMC_GetECC), (18 bytes).
    Removing stm32f10x_fsmc.o(i.FSMC_GetFlagStatus), (40 bytes).
    Removing stm32f10x_fsmc.o(i.FSMC_GetITStatus), (52 bytes).
    Removing stm32f10x_fsmc.o(i.FSMC_ITConfig), (86 bytes).
    Removing stm32f10x_fsmc.o(i.FSMC_NANDCmd), (64 bytes).
    Removing stm32f10x_fsmc.o(i.FSMC_NANDDeInit), (40 bytes).
    Removing stm32f10x_fsmc.o(i.FSMC_NANDECCCmd), (64 bytes).
    Removing stm32f10x_fsmc.o(i.FSMC_NANDInit), (104 bytes).
    Removing stm32f10x_fsmc.o(i.FSMC_NANDStructInit), (54 bytes).
    Removing stm32f10x_fsmc.o(i.FSMC_NORSRAMCmd), (36 bytes).
    Removing stm32f10x_fsmc.o(i.FSMC_NORSRAMDeInit), (48 bytes).
    Removing stm32f10x_fsmc.o(i.FSMC_NORSRAMInit), (202 bytes).
    Removing stm32f10x_fsmc.o(i.FSMC_NORSRAMStructInit), (98 bytes).
    Removing stm32f10x_fsmc.o(i.FSMC_PCCARDCmd), (36 bytes).
    Removing stm32f10x_fsmc.o(i.FSMC_PCCARDDeInit), (28 bytes).
    Removing stm32f10x_fsmc.o(i.FSMC_PCCARDInit), (104 bytes).
    Removing stm32f10x_fsmc.o(i.FSMC_PCCARDStructInit), (60 bytes).
    Removing stm32f10x_gpio.o(i.GPIO_AFIODeInit), (22 bytes).
    Removing stm32f10x_gpio.o(i.GPIO_DeInit), (216 bytes).
    Removing stm32f10x_gpio.o(i.GPIO_ETH_MediaInterfaceConfig), (12 bytes).
    Removing stm32f10x_gpio.o(i.GPIO_EXTILineConfig), (40 bytes).
    Removing stm32f10x_gpio.o(i.GPIO_EventOutputCmd), (12 bytes).
    Removing stm32f10x_gpio.o(i.GPIO_EventOutputConfig), (28 bytes).
    Removing stm32f10x_gpio.o(i.GPIO_PinLockConfig), (16 bytes).
    Removing stm32f10x_gpio.o(i.GPIO_PinRemapConfig), (92 bytes).
    Removing stm32f10x_gpio.o(i.GPIO_ReadInputData), (6 bytes).
    Removing stm32f10x_gpio.o(i.GPIO_ReadInputDataBit), (14 bytes).
    Removing stm32f10x_gpio.o(i.GPIO_ReadOutputData), (6 bytes).
    Removing stm32f10x_gpio.o(i.GPIO_ReadOutputDataBit), (14 bytes).
    Removing stm32f10x_gpio.o(i.GPIO_StructInit), (16 bytes).
    Removing stm32f10x_gpio.o(i.GPIO_Write), (4 bytes).
    Removing stm32f10x_gpio.o(i.GPIO_WriteBit), (12 bytes).
    Removing stm32f10x_i2c.o(i.I2C_ARPCmd), (24 bytes).
    Removing stm32f10x_i2c.o(i.I2C_AcknowledgeConfig), (24 bytes).
    Removing stm32f10x_i2c.o(i.I2C_CalculatePEC), (24 bytes).
    Removing stm32f10x_i2c.o(i.I2C_CheckEvent), (24 bytes).
    Removing stm32f10x_i2c.o(i.I2C_ClearFlag), (6 bytes).
    Removing stm32f10x_i2c.o(i.I2C_ClearITPendingBit), (6 bytes).
    Removing stm32f10x_i2c.o(i.I2C_Cmd), (24 bytes).
    Removing stm32f10x_i2c.o(i.I2C_DMACmd), (24 bytes).
    Removing stm32f10x_i2c.o(i.I2C_DMALastTransferCmd), (24 bytes).
    Removing stm32f10x_i2c.o(i.I2C_DeInit), (56 bytes).
    Removing stm32f10x_i2c.o(i.I2C_DualAddressCmd), (24 bytes).
    Removing stm32f10x_i2c.o(i.I2C_FastModeDutyCycleConfig), (26 bytes).
    Removing stm32f10x_i2c.o(i.I2C_GeneralCallCmd), (24 bytes).
    Removing stm32f10x_i2c.o(i.I2C_GenerateSTART), (24 bytes).
    Removing stm32f10x_i2c.o(i.I2C_GenerateSTOP), (24 bytes).
    Removing stm32f10x_i2c.o(i.I2C_GetFlagStatus), (50 bytes).
    Removing stm32f10x_i2c.o(i.I2C_GetITStatus), (34 bytes).
    Removing stm32f10x_i2c.o(i.I2C_GetLastEvent), (14 bytes).
    Removing stm32f10x_i2c.o(i.I2C_GetPEC), (6 bytes).
    Removing stm32f10x_i2c.o(i.I2C_ITConfig), (20 bytes).
    Removing stm32f10x_i2c.o(i.I2C_Init), (192 bytes).
    Removing stm32f10x_i2c.o(i.I2C_NACKPositionConfig), (26 bytes).
    Removing stm32f10x_i2c.o(i.I2C_OwnAddress2Config), (16 bytes).
    Removing stm32f10x_i2c.o(i.I2C_PECPositionConfig), (26 bytes).
    Removing stm32f10x_i2c.o(i.I2C_ReadRegister), (16 bytes).
    Removing stm32f10x_i2c.o(i.I2C_ReceiveData), (6 bytes).
    Removing stm32f10x_i2c.o(i.I2C_SMBusAlertConfig), (26 bytes).
    Removing stm32f10x_i2c.o(i.I2C_Send7bitAddress), (18 bytes).
    Removing stm32f10x_i2c.o(i.I2C_SendData), (4 bytes).
    Removing stm32f10x_i2c.o(i.I2C_SoftwareResetCmd), (24 bytes).
    Removing stm32f10x_i2c.o(i.I2C_StretchClockCmd), (24 bytes).
    Removing stm32f10x_i2c.o(i.I2C_StructInit), (28 bytes).
    Removing stm32f10x_i2c.o(i.I2C_TransmitPEC), (24 bytes).
    Removing stm32f10x_iwdg.o(i.IWDG_Enable), (16 bytes).
    Removing stm32f10x_iwdg.o(i.IWDG_GetFlagStatus), (20 bytes).
    Removing stm32f10x_iwdg.o(i.IWDG_ReloadCounter), (16 bytes).
    Removing stm32f10x_iwdg.o(i.IWDG_SetPrescaler), (12 bytes).
    Removing stm32f10x_iwdg.o(i.IWDG_SetReload), (12 bytes).
    Removing stm32f10x_iwdg.o(i.IWDG_WriteAccessCmd), (12 bytes).
    Removing stm32f10x_pwr.o(i.PWR_BackupAccessCmd), (12 bytes).
    Removing stm32f10x_pwr.o(i.PWR_ClearFlag), (16 bytes).
    Removing stm32f10x_pwr.o(i.PWR_DeInit), (24 bytes).
    Removing stm32f10x_pwr.o(i.PWR_EnterSTANDBYMode), (40 bytes).
    Removing stm32f10x_pwr.o(i.PWR_EnterSTOPMode), (52 bytes).
    Removing stm32f10x_pwr.o(i.PWR_GetFlagStatus), (20 bytes).
    Removing stm32f10x_pwr.o(i.PWR_PVDCmd), (12 bytes).
    Removing stm32f10x_pwr.o(i.PWR_PVDLevelConfig), (20 bytes).
    Removing stm32f10x_pwr.o(i.PWR_WakeUpPinCmd), (12 bytes).
    Removing stm32f10x_rcc.o(i.RCC_ADCCLKConfig), (20 bytes).
    Removing stm32f10x_rcc.o(i.RCC_AHBPeriphClockCmd), (28 bytes).
    Removing stm32f10x_rcc.o(i.RCC_AdjustHSICalibrationValue), (20 bytes).
    Removing stm32f10x_rcc.o(i.RCC_BackupResetCmd), (12 bytes).
    Removing stm32f10x_rcc.o(i.RCC_ClearFlag), (16 bytes).
    Removing stm32f10x_rcc.o(i.RCC_ClearITPendingBit), (12 bytes).
    Removing stm32f10x_rcc.o(i.RCC_ClockSecuritySystemCmd), (12 bytes).
    Removing stm32f10x_rcc.o(i.RCC_GetITStatus), (20 bytes).
    Removing stm32f10x_rcc.o(i.RCC_GetSYSCLKSource), (16 bytes).
    Removing stm32f10x_rcc.o(i.RCC_ITConfig), (28 bytes).
    Removing stm32f10x_rcc.o(i.RCC_LSEConfig), (40 bytes).
    Removing stm32f10x_rcc.o(i.RCC_LSICmd), (12 bytes).
    Removing stm32f10x_rcc.o(i.RCC_MCOConfig), (12 bytes).
    Removing stm32f10x_rcc.o(i.RCC_RTCCLKCmd), (12 bytes).
    Removing stm32f10x_rcc.o(i.RCC_RTCCLKConfig), (16 bytes).
    Removing stm32f10x_rcc.o(i.RCC_USBCLKConfig), (12 bytes).
    Removing stm32f10x_rtc.o(i.RTC_ClearFlag), (16 bytes).
    Removing stm32f10x_rtc.o(i.RTC_ClearITPendingBit), (16 bytes).
    Removing stm32f10x_rtc.o(i.RTC_EnterConfigMode), (16 bytes).
    Removing stm32f10x_rtc.o(i.RTC_ExitConfigMode), (16 bytes).
    Removing stm32f10x_rtc.o(i.RTC_GetCounter), (20 bytes).
    Removing stm32f10x_rtc.o(i.RTC_GetDivider), (24 bytes).
    Removing stm32f10x_rtc.o(i.RTC_GetFlagStatus), (20 bytes).
    Removing stm32f10x_rtc.o(i.RTC_GetITStatus), (32 bytes).
    Removing stm32f10x_rtc.o(i.RTC_ITConfig), (28 bytes).
    Removing stm32f10x_rtc.o(i.RTC_SetAlarm), (32 bytes).
    Removing stm32f10x_rtc.o(i.RTC_SetCounter), (32 bytes).
    Removing stm32f10x_rtc.o(i.RTC_SetPrescaler), (32 bytes).
    Removing stm32f10x_rtc.o(i.RTC_WaitForLastTask), (16 bytes).
    Removing stm32f10x_rtc.o(i.RTC_WaitForSynchro), (24 bytes).
    Removing stm32f10x_sdio.o(i.SDIO_CEATAITCmd), (16 bytes).
    Removing stm32f10x_sdio.o(i.SDIO_ClearFlag), (12 bytes).
    Removing stm32f10x_sdio.o(i.SDIO_ClearITPendingBit), (12 bytes).
    Removing stm32f10x_sdio.o(i.SDIO_ClockCmd), (12 bytes).
    Removing stm32f10x_sdio.o(i.SDIO_CmdStructInit), (14 bytes).
    Removing stm32f10x_sdio.o(i.SDIO_CommandCompletionCmd), (12 bytes).
    Removing stm32f10x_sdio.o(i.SDIO_DMACmd), (12 bytes).
    Removing stm32f10x_sdio.o(i.SDIO_DataConfig), (44 bytes).
    Removing stm32f10x_sdio.o(i.SDIO_DataStructInit), (20 bytes).
    Removing stm32f10x_sdio.o(i.SDIO_DeInit), (36 bytes).
    Removing stm32f10x_sdio.o(i.SDIO_GetCommandResponse), (12 bytes).
    Removing stm32f10x_sdio.o(i.SDIO_GetDataCounter), (12 bytes).
    Removing stm32f10x_sdio.o(i.SDIO_GetFIFOCount), (12 bytes).
    Removing stm32f10x_sdio.o(i.SDIO_GetFlagStatus), (20 bytes).
    Removing stm32f10x_sdio.o(i.SDIO_GetITStatus), (20 bytes).
    Removing stm32f10x_sdio.o(i.SDIO_GetPowerState), (16 bytes).
    Removing stm32f10x_sdio.o(i.SDIO_GetResponse), (20 bytes).
    Removing stm32f10x_sdio.o(i.SDIO_ITConfig), (28 bytes).
    Removing stm32f10x_sdio.o(i.SDIO_Init), (44 bytes).
    Removing stm32f10x_sdio.o(i.SDIO_ReadData), (12 bytes).
    Removing stm32f10x_sdio.o(i.SDIO_SendCEATACmd), (12 bytes).
    Removing stm32f10x_sdio.o(i.SDIO_SendCommand), (40 bytes).
    Removing stm32f10x_sdio.o(i.SDIO_SendSDIOSuspendCmd), (12 bytes).
    Removing stm32f10x_sdio.o(i.SDIO_SetPowerState), (24 bytes).
    Removing stm32f10x_sdio.o(i.SDIO_SetSDIOOperation), (12 bytes).
    Removing stm32f10x_sdio.o(i.SDIO_SetSDIOReadWaitMode), (12 bytes).
    Removing stm32f10x_sdio.o(i.SDIO_StartSDIOReadWait), (12 bytes).
    Removing stm32f10x_sdio.o(i.SDIO_StopSDIOReadWait), (12 bytes).
    Removing stm32f10x_sdio.o(i.SDIO_StructInit), (16 bytes).
    Removing stm32f10x_sdio.o(i.SDIO_WriteData), (12 bytes).
    Removing stm32f10x_spi.o(i.I2S_Cmd), (24 bytes).
    Removing stm32f10x_spi.o(i.I2S_Init), (168 bytes).
    Removing stm32f10x_spi.o(i.I2S_StructInit), (18 bytes).
    Removing stm32f10x_spi.o(i.SPI_BiDirectionalLineConfig), (26 bytes).
    Removing stm32f10x_spi.o(i.SPI_CalculateCRC), (24 bytes).
    Removing stm32f10x_spi.o(i.SPI_DataSizeConfig), (16 bytes).
    Removing stm32f10x_spi.o(i.SPI_GetCRC), (12 bytes).
    Removing stm32f10x_spi.o(i.SPI_GetCRCPolynomial), (4 bytes).
    Removing stm32f10x_spi.o(i.SPI_I2S_ClearFlag), (6 bytes).
    Removing stm32f10x_spi.o(i.SPI_I2S_ClearITPendingBit), (14 bytes).
    Removing stm32f10x_spi.o(i.SPI_I2S_DMACmd), (20 bytes).
    Removing stm32f10x_spi.o(i.SPI_I2S_DeInit), (100 bytes).
    Removing stm32f10x_spi.o(i.SPI_I2S_GetITStatus), (44 bytes).
    Removing stm32f10x_spi.o(i.SPI_I2S_ITConfig), (28 bytes).
    Removing stm32f10x_spi.o(i.SPI_NSSInternalSoftwareConfig), (28 bytes).
    Removing stm32f10x_spi.o(i.SPI_SSOutputCmd), (24 bytes).
    Removing stm32f10x_spi.o(i.SPI_StructInit), (24 bytes).
    Removing stm32f10x_spi.o(i.SPI_TransmitCRC), (10 bytes).
    Removing stm32f10x_tim.o(i.TI1_Config), (116 bytes).
    Removing stm32f10x_tim.o(i.TI2_Config), (124 bytes).
    Removing stm32f10x_tim.o(i.TI3_Config), (120 bytes).
    Removing stm32f10x_tim.o(i.TI4_Config), (124 bytes).
    Removing stm32f10x_tim.o(i.TIM_ARRPreloadConfig), (24 bytes).
    Removing stm32f10x_tim.o(i.TIM_BDTRConfig), (34 bytes).
    Removing stm32f10x_tim.o(i.TIM_BDTRStructInit), (18 bytes).
    Removing stm32f10x_tim.o(i.TIM_CCPreloadControl), (24 bytes).
    Removing stm32f10x_tim.o(i.TIM_CCxCmd), (22 bytes).
    Removing stm32f10x_tim.o(i.TIM_CCxNCmd), (22 bytes).
    Removing stm32f10x_tim.o(i.TIM_ClearFlag), (6 bytes).
    Removing stm32f10x_tim.o(i.TIM_ClearITPendingBit), (6 bytes).
    Removing stm32f10x_tim.o(i.TIM_ClearOC1Ref), (12 bytes).
    Removing stm32f10x_tim.o(i.TIM_ClearOC2Ref), (20 bytes).
    Removing stm32f10x_tim.o(i.TIM_ClearOC3Ref), (12 bytes).
    Removing stm32f10x_tim.o(i.TIM_ClearOC4Ref), (20 bytes).
    Removing stm32f10x_tim.o(i.TIM_Cmd), (24 bytes).
    Removing stm32f10x_tim.o(i.TIM_CounterModeConfig), (12 bytes).
    Removing stm32f10x_tim.o(i.TIM_CtrlPWMOutputs), (28 bytes).
    Removing stm32f10x_tim.o(i.TIM_DMACmd), (20 bytes).
    Removing stm32f10x_tim.o(i.TIM_DMAConfig), (8 bytes).
    Removing stm32f10x_tim.o(i.TIM_DeInit), (528 bytes).
    Removing stm32f10x_tim.o(i.TIM_ETRClockMode1Config), (32 bytes).
    Removing stm32f10x_tim.o(i.TIM_ETRClockMode2Config), (20 bytes).
    Removing stm32f10x_tim.o(i.TIM_ETRConfig), (24 bytes).
    Removing stm32f10x_tim.o(i.TIM_EncoderInterfaceConfig), (50 bytes).
    Removing stm32f10x_tim.o(i.TIM_ForcedOC1Config), (12 bytes).
    Removing stm32f10x_tim.o(i.TIM_ForcedOC2Config), (20 bytes).
    Removing stm32f10x_tim.o(i.TIM_ForcedOC3Config), (12 bytes).
    Removing stm32f10x_tim.o(i.TIM_ForcedOC4Config), (20 bytes).
    Removing stm32f10x_tim.o(i.TIM_GenerateEvent), (4 bytes).
    Removing stm32f10x_tim.o(i.TIM_GetCapture1), (4 bytes).
    Removing stm32f10x_tim.o(i.TIM_GetCapture2), (4 bytes).
    Removing stm32f10x_tim.o(i.TIM_GetCapture3), (4 bytes).
    Removing stm32f10x_tim.o(i.TIM_GetCapture4), (6 bytes).
    Removing stm32f10x_tim.o(i.TIM_GetCounter), (4 bytes).
    Removing stm32f10x_tim.o(i.TIM_GetFlagStatus), (14 bytes).
    Removing stm32f10x_tim.o(i.TIM_GetITStatus), (24 bytes).
    Removing stm32f10x_tim.o(i.TIM_GetPrescaler), (4 bytes).
    Removing stm32f10x_tim.o(i.TIM_ICInit), (140 bytes).
    Removing stm32f10x_tim.o(i.TIM_ICStructInit), (16 bytes).
    Removing stm32f10x_tim.o(i.TIM_ITConfig), (20 bytes).
    Removing stm32f10x_tim.o(i.TIM_ITRxExternalClockConfig), (20 bytes).
    Removing stm32f10x_tim.o(i.TIM_InternalClockConfig), (10 bytes).
    Removing stm32f10x_tim.o(i.TIM_OC1FastConfig), (12 bytes).
    Removing stm32f10x_tim.o(i.TIM_OC1Init), (136 bytes).
    Removing stm32f10x_tim.o(i.TIM_OC1NPolarityConfig), (12 bytes).
    Removing stm32f10x_tim.o(i.TIM_OC1PolarityConfig), (12 bytes).
    Removing stm32f10x_tim.o(i.TIM_OC1PreloadConfig), (12 bytes).
    Removing stm32f10x_tim.o(i.TIM_OC2FastConfig), (20 bytes).
    Removing stm32f10x_tim.o(i.TIM_OC2Init), (136 bytes).
    Removing stm32f10x_tim.o(i.TIM_OC2NPolarityConfig), (20 bytes).
    Removing stm32f10x_tim.o(i.TIM_OC2PolarityConfig), (20 bytes).
    Removing stm32f10x_tim.o(i.TIM_OC2PreloadConfig), (20 bytes).
    Removing stm32f10x_tim.o(i.TIM_OC3FastConfig), (12 bytes).
    Removing stm32f10x_tim.o(i.TIM_OC3Init), (132 bytes).
    Removing stm32f10x_tim.o(i.TIM_OC3NPolarityConfig), (20 bytes).
    Removing stm32f10x_tim.o(i.TIM_OC3PolarityConfig), (20 bytes).
    Removing stm32f10x_tim.o(i.TIM_OC3PreloadConfig), (12 bytes).
    Removing stm32f10x_tim.o(i.TIM_OC4FastConfig), (20 bytes).
    Removing stm32f10x_tim.o(i.TIM_OC4Init), (104 bytes).
    Removing stm32f10x_tim.o(i.TIM_OC4PolarityConfig), (20 bytes).
    Removing stm32f10x_tim.o(i.TIM_OC4PreloadConfig), (20 bytes).
    Removing stm32f10x_tim.o(i.TIM_OCStructInit), (20 bytes).
    Removing stm32f10x_tim.o(i.TIM_PWMIConfig), (110 bytes).
    Removing stm32f10x_tim.o(i.TIM_PrescalerConfig), (6 bytes).
    Removing stm32f10x_tim.o(i.TIM_SelectCCDMA), (24 bytes).
    Removing stm32f10x_tim.o(i.TIM_SelectCOM), (24 bytes).
    Removing stm32f10x_tim.o(i.TIM_SelectHallSensor), (24 bytes).
    Removing stm32f10x_tim.o(i.TIM_SelectInputTrigger), (12 bytes).
    Removing stm32f10x_tim.o(i.TIM_SelectMasterSlaveMode), (16 bytes).
    Removing stm32f10x_tim.o(i.TIM_SelectOCxM), (76 bytes).
    Removing stm32f10x_tim.o(i.TIM_SelectOnePulseMode), (16 bytes).
    Removing stm32f10x_tim.o(i.TIM_SelectOutputTrigger), (16 bytes).
    Removing stm32f10x_tim.o(i.TIM_SelectSlaveMode), (16 bytes).
    Removing stm32f10x_tim.o(i.TIM_SetAutoreload), (4 bytes).
    Removing stm32f10x_tim.o(i.TIM_SetClockDivision), (16 bytes).
    Removing stm32f10x_tim.o(i.TIM_SetCompare1), (4 bytes).
    Removing stm32f10x_tim.o(i.TIM_SetCompare2), (4 bytes).
    Removing stm32f10x_tim.o(i.TIM_SetCompare3), (4 bytes).
    Removing stm32f10x_tim.o(i.TIM_SetCompare4), (6 bytes).
    Removing stm32f10x_tim.o(i.TIM_SetCounter), (4 bytes).
    Removing stm32f10x_tim.o(i.TIM_SetIC1Prescaler), (16 bytes).
    Removing stm32f10x_tim.o(i.TIM_SetIC2Prescaler), (24 bytes).
    Removing stm32f10x_tim.o(i.TIM_SetIC3Prescaler), (16 bytes).
    Removing stm32f10x_tim.o(i.TIM_SetIC4Prescaler), (24 bytes).
    Removing stm32f10x_tim.o(i.TIM_TIxExternalClockConfig), (48 bytes).
    Removing stm32f10x_tim.o(i.TIM_TimeBaseInit), (156 bytes).
    Removing stm32f10x_tim.o(i.TIM_TimeBaseStructInit), (18 bytes).
    Removing stm32f10x_tim.o(i.TIM_UpdateDisableConfig), (24 bytes).
    Removing stm32f10x_tim.o(i.TIM_UpdateRequestConfig), (24 bytes).
    Removing stm32f10x_usart.o(i.USART_ClearFlag), (8 bytes).
    Removing stm32f10x_usart.o(i.USART_ClockInit), (30 bytes).
    Removing stm32f10x_usart.o(i.USART_ClockStructInit), (12 bytes).
    Removing stm32f10x_usart.o(i.USART_DMACmd), (20 bytes).
    Removing stm32f10x_usart.o(i.USART_HalfDuplexCmd), (24 bytes).
    Removing stm32f10x_usart.o(i.USART_IrDACmd), (24 bytes).
    Removing stm32f10x_usart.o(i.USART_IrDAConfig), (16 bytes).
    Removing stm32f10x_usart.o(i.USART_LINBreakDetectLengthConfig), (16 bytes).
    Removing stm32f10x_usart.o(i.USART_LINCmd), (24 bytes).
    Removing stm32f10x_usart.o(i.USART_OneBitMethodCmd), (24 bytes).
    Removing stm32f10x_usart.o(i.USART_OverSampling8Cmd), (24 bytes).
    Removing stm32f10x_usart.o(i.USART_ReceiverWakeUpCmd), (24 bytes).
    Removing stm32f10x_usart.o(i.USART_SendBreak), (10 bytes).
    Removing stm32f10x_usart.o(i.USART_SetAddress), (16 bytes).
    Removing stm32f10x_usart.o(i.USART_SetGuardTime), (16 bytes).
    Removing stm32f10x_usart.o(i.USART_SetPrescaler), (16 bytes).
    Removing stm32f10x_usart.o(i.USART_SmartCardCmd), (24 bytes).
    Removing stm32f10x_usart.o(i.USART_SmartCardNACKCmd), (24 bytes).
    Removing stm32f10x_usart.o(i.USART_StructInit), (22 bytes).
    Removing stm32f10x_usart.o(i.USART_WakeUpConfig), (16 bytes).
    Removing stm32f10x_wwdg.o(i.WWDG_ClearFlag), (12 bytes).
    Removing stm32f10x_wwdg.o(i.WWDG_DeInit), (24 bytes).
    Removing stm32f10x_wwdg.o(i.WWDG_Enable), (16 bytes).
    Removing stm32f10x_wwdg.o(i.WWDG_EnableIT), (12 bytes).
    Removing stm32f10x_wwdg.o(i.WWDG_GetFlagStatus), (12 bytes).
    Removing stm32f10x_wwdg.o(i.WWDG_SetCounter), (16 bytes).
    Removing stm32f10x_wwdg.o(i.WWDG_SetPrescaler), (20 bytes).
    Removing stm32f10x_wwdg.o(i.WWDG_SetWindowValue), (32 bytes).
    Removing delay.o(i.Delay_us), (18 bytes).
    Removing beep.o(i.BEEP_Init), (44 bytes).
    Removing beep.o(i.BEEP_Off), (16 bytes).
    Removing beep.o(i.BEEP_On), (16 bytes).
    Removing beep.o(i.BEEP_Toggle), (16 bytes).
    Removing led.o(i.LED0_Off), (12 bytes).
    Removing led.o(i.LED0_On), (12 bytes).
    Removing led.o(i.LED1_Off), (12 bytes).
    Removing led.o(i.LED1_On), (12 bytes).
    Removing led.o(i.LED1_Toggle), (16 bytes).
    Removing key.o(i.EXTI_key0_config), (80 bytes).
    Removing key.o(i.EXTI_key1_config), (80 bytes).
    Removing key.o(i.Get_keypress), (132 bytes).
    Removing key.o(i.KEY_Init), (68 bytes).
    Removing key.o(i.NVIC_Key0config), (38 bytes).
    Removing key.o(i.NVIC_Key1config), (38 bytes).
    Removing lightsensor.o(i.Get_LightIntensity), (32 bytes).
    Removing lightsensor.o(i.LIGHTSENSOR_Init), (44 bytes).
    Removing usart.o(i.NVIC_UART4Config), (40 bytes).
    Removing usart.o(i.NVIC_USART1Config), (40 bytes).
    Removing usart.o(i.USART1_Init), (136 bytes).
    Removing usart.o(i.USART4_Init), (140 bytes).
    Removing usart.o(i.USART_SendFloat), (60 bytes).
    Removing usart.o(i.USART_SendInt), (48 bytes).
    Removing dma.o(i.DMA_M2M_Init), (88 bytes).
    Removing dma.o(i.USART3_DMA_RX_Init), (96 bytes).
    Removing dma.o(i.USART3_DMA_TX_Init), (104 bytes).
    Removing i2c.o(i.HardI2C_Init), (116 bytes).
    Removing i2c.o(i.HardI2C_ReadByte), (200 bytes).
    Removing i2c.o(i.HardI2C_ReadBytes), (232 bytes).
    Removing i2c.o(i.HardI2C_WriteByte), (148 bytes).
    Removing i2c.o(i.HardI2C_WriteBytes), (54 bytes).
    Removing i2c.o(i.HardI2C_WritePage), (176 bytes).
    Removing i2c.o(i.SDA_IN), (28 bytes).
    Removing i2c.o(i.SDA_OUT), (36 bytes).
    Removing i2c.o(i.SoftI2C_Init), (60 bytes).
    Removing i2c.o(i.SoftI2C_ReadByte), (132 bytes).
    Removing i2c.o(i.SoftI2C_ReadByteFrom), (64 bytes).
    Removing i2c.o(i.SoftI2C_ReadBytes), (84 bytes).
    Removing i2c.o(i.SoftI2C_SendByte), (84 bytes).
    Removing i2c.o(i.SoftI2C_Start), (60 bytes).
    Removing i2c.o(i.SoftI2C_Stop), (68 bytes).
    Removing i2c.o(i.SoftI2C_WaitAck), (52 bytes).
    Removing i2c.o(i.SoftI2C_WriteByte), (54 bytes).
    Removing i2c.o(i.SoftI2C_WriteBytes), (54 bytes).
    Removing i2c.o(i.SoftI2C_WritePage), (76 bytes).
    Removing spi.o(i.SPI2_FLASH_PowerDown), (40 bytes).
    Removing spi.o(i.SPI2_FLASH_ReleasePowerDown), (40 bytes).
    Removing diskio.o(i.get_fattime), (176 bytes).
    Removing diskio.o(.constdata), (48 bytes).
    Removing diskio.o(.conststring), (48 bytes).
    Removing ff.o(i.clst2sect), (24 bytes).
    Removing ff.o(i.create_chain), (242 bytes).
    Removing ff.o(i.create_name), (248 bytes).
    Removing ff.o(i.dbc_1st), (26 bytes).
    Removing ff.o(i.dbc_2nd), (26 bytes).
    Removing ff.o(i.dir_alloc), (74 bytes).
    Removing ff.o(i.dir_clear), (92 bytes).
    Removing ff.o(i.dir_find), (84 bytes).
    Removing ff.o(i.dir_next), (214 bytes).
    Removing ff.o(i.dir_read), (96 bytes).
    Removing ff.o(i.dir_register), (66 bytes).
    Removing ff.o(i.dir_remove), (30 bytes).
    Removing ff.o(i.dir_sdi), (162 bytes).
    Removing ff.o(i.f_close), (32 bytes).
    Removing ff.o(i.f_closedir), (22 bytes).
    Removing ff.o(i.f_getfree), (212 bytes).
    Removing ff.o(i.f_lseek), (384 bytes).
    Removing ff.o(i.f_mkdir), (242 bytes).
    Removing ff.o(i.f_open), (454 bytes).
    Removing ff.o(i.f_opendir), (108 bytes).
    Removing ff.o(i.f_read), (380 bytes).
    Removing ff.o(i.f_readdir), (74 bytes).
    Removing ff.o(i.f_rename), (268 bytes).
    Removing ff.o(i.f_stat), (60 bytes).
    Removing ff.o(i.f_sync), (144 bytes).
    Removing ff.o(i.f_truncate), (168 bytes).
    Removing ff.o(i.f_unlink), (162 bytes).
    Removing ff.o(i.f_write), (442 bytes).
    Removing ff.o(i.follow_path), (128 bytes).
    Removing ff.o(i.get_fat), (238 bytes).
    Removing ff.o(i.get_fileinfo), (116 bytes).
    Removing ff.o(i.ld_clust), (38 bytes).
    Removing ff.o(i.put_fat), (306 bytes).
    Removing ff.o(i.remove_chain), (120 bytes).
    Removing ff.o(i.st_clust), (40 bytes).
    Removing ff.o(i.st_dword), (16 bytes).
    Removing ff.o(i.st_word), (8 bytes).
    Removing ff.o(i.sync_fs), (140 bytes).
    Removing ff.o(i.validate), (54 bytes).
    Removing ff.o(.constdata), (10 bytes).
    Removing f2d.o(.text), (38 bytes).

527 unused section(s) (total 24434 bytes) removed from the image.

==============================================================================

Image Symbol Table

    Local Symbols

    Symbol Name                              Value     Ov Type        Size  Object(Section)

    ../clib/microlib/ctype/ctype.c           0x00000000   Number         0  ctype_c.o ABSOLUTE
    ../clib/microlib/ctype/ctype.c           0x00000000   Number         0  isspace_c.o ABSOLUTE
    ../clib/microlib/division.c              0x00000000   Number         0  uidiv.o ABSOLUTE
    ../clib/microlib/division.c              0x00000000   Number         0  uldiv.o ABSOLUTE
    ../clib/microlib/init/entry.s            0x00000000   Number         0  entry7a.o ABSOLUTE
    ../clib/microlib/init/entry.s            0x00000000   Number         0  entry5.o ABSOLUTE
    ../clib/microlib/init/entry.s            0x00000000   Number         0  entry2.o ABSOLUTE
    ../clib/microlib/init/entry.s            0x00000000   Number         0  entry.o ABSOLUTE
    ../clib/microlib/init/entry.s            0x00000000   Number         0  entry8b.o ABSOLUTE
    ../clib/microlib/init/entry.s            0x00000000   Number         0  entry9a.o ABSOLUTE
    ../clib/microlib/init/entry.s            0x00000000   Number         0  entry9b.o ABSOLUTE
    ../clib/microlib/init/entry.s            0x00000000   Number         0  entry10a.o ABSOLUTE
    ../clib/microlib/init/entry.s            0x00000000   Number         0  entry10b.o ABSOLUTE
    ../clib/microlib/init/entry.s            0x00000000   Number         0  entry11a.o ABSOLUTE
    ../clib/microlib/init/entry.s            0x00000000   Number         0  entry11b.o ABSOLUTE
    ../clib/microlib/init/entry.s            0x00000000   Number         0  entry8a.o ABSOLUTE
    ../clib/microlib/init/entry.s            0x00000000   Number         0  entry7b.o ABSOLUTE
    ../clib/microlib/longlong.c              0x00000000   Number         0  llshl.o ABSOLUTE
    ../clib/microlib/longlong.c              0x00000000   Number         0  llushr.o ABSOLUTE
    ../clib/microlib/longlong.c              0x00000000   Number         0  llsshr.o ABSOLUTE
    ../clib/microlib/printf/printf.c         0x00000000   Number         0  printfa.o ABSOLUTE
    ../clib/microlib/printf/printf.c         0x00000000   Number         0  printfb.o ABSOLUTE
    ../clib/microlib/printf/printf.c         0x00000000   Number         0  printf7.o ABSOLUTE
    ../clib/microlib/printf/printf.c         0x00000000   Number         0  printf2.o ABSOLUTE
    ../clib/microlib/printf/printf.c         0x00000000   Number         0  printf1.o ABSOLUTE
    ../clib/microlib/printf/printf.c         0x00000000   Number         0  printf8.o ABSOLUTE
    ../clib/microlib/printf/printf.c         0x00000000   Number         0  printf6.o ABSOLUTE
    ../clib/microlib/printf/printf.c         0x00000000   Number         0  printf3.o ABSOLUTE
    ../clib/microlib/printf/printf.c         0x00000000   Number         0  printf4.o ABSOLUTE
    ../clib/microlib/printf/printf.c         0x00000000   Number         0  printf5.o ABSOLUTE
    ../clib/microlib/printf/printf.c         0x00000000   Number         0  printf0.o ABSOLUTE
    ../clib/microlib/printf/stubs.s          0x00000000   Number         0  stubs.o ABSOLUTE
    ../clib/microlib/stdio/streams.c         0x00000000   Number         0  stdout.o ABSOLUTE
    ../clib/microlib/string/memcmp.c         0x00000000   Number         0  memcmp.o ABSOLUTE
    ../clib/microlib/string/memcpy.c         0x00000000   Number         0  memcpyb.o ABSOLUTE
    ../clib/microlib/string/memcpy.c         0x00000000   Number         0  memcpya.o ABSOLUTE
    ../clib/microlib/string/memset.c         0x00000000   Number         0  memseta.o ABSOLUTE
    ../clib/microlib/string/strchr.c         0x00000000   Number         0  strchr.o ABSOLUTE
    ../clib/microlib/string/strncmp.c        0x00000000   Number         0  strncmp.o ABSOLUTE
    ../clib/microlib/stubs.s                 0x00000000   Number         0  iusefp.o ABSOLUTE
    ../clib/scanf.c                          0x00000000   Number         0  _chval.o ABSOLUTE
    ../clib/scanf.c                          0x00000000   Number         0  _scanf.o ABSOLUTE
    ../clib/scanf.c                          0x00000000   Number         0  _sgetc.o ABSOLUTE
    ../clib/scanf.c                          0x00000000   Number         0  scanf_char.o ABSOLUTE
    ../clib/scanf.c                          0x00000000   Number         0  __0sscanf.o ABSOLUTE
    ../clib/scanf.c                          0x00000000   Number         0  _scanf_int.o ABSOLUTE
    ../clib/scanf.c                          0x00000000   Number         0  _scanf_str.o ABSOLUTE
    ../fplib/microlib/f2d.c                  0x00000000   Number         0  f2d.o ABSOLUTE
    ../fplib/microlib/fpadd.c                0x00000000   Number         0  dadd.o ABSOLUTE
    ../fplib/microlib/fpdiv.c                0x00000000   Number         0  ddiv.o ABSOLUTE
    ../fplib/microlib/fpepilogue.c           0x00000000   Number         0  depilogue.o ABSOLUTE
    ../fplib/microlib/fpfix.c                0x00000000   Number         0  dfixul.o ABSOLUTE
    ../fplib/microlib/fpmul.c                0x00000000   Number         0  dmul.o ABSOLUTE
    Drivers\BSP\Beep.c                       0x00000000   Number         0  beep.o ABSOLUTE
    Drivers\BSP\Dma.c                        0x00000000   Number         0  dma.o ABSOLUTE
    Drivers\BSP\HSE_Set.c                    0x00000000   Number         0  hse_set.o ABSOLUTE
    Drivers\BSP\LED.c                        0x00000000   Number         0  led.o ABSOLUTE
    Drivers\BSP\SPI.c                        0x00000000   Number         0  spi.o ABSOLUTE
    Drivers\BSP\i2c.c                        0x00000000   Number         0  i2c.o ABSOLUTE
    Drivers\BSP\key.c                        0x00000000   Number         0  key.o ABSOLUTE
    Drivers\BSP\lightsensor.c                0x00000000   Number         0  lightsensor.o ABSOLUTE
    Drivers\BSP\usart.c                      0x00000000   Number         0  usart.o ABSOLUTE
    Drivers\CMSIS\misc.c                     0x00000000   Number         0  misc.o ABSOLUTE
    Drivers\CMSIS\startup\core_cm3.c         0x00000000   Number         0  core_cm3.o ABSOLUTE
    Drivers\CMSIS\startup\startup_stm32f103xe.s 0x00000000   Number         0  startup_stm32f103xe.o ABSOLUTE
    Drivers\CMSIS\stm32f10x_adc.c            0x00000000   Number         0  stm32f10x_adc.o ABSOLUTE
    Drivers\CMSIS\stm32f10x_bkp.c            0x00000000   Number         0  stm32f10x_bkp.o ABSOLUTE
    Drivers\CMSIS\stm32f10x_can.c            0x00000000   Number         0  stm32f10x_can.o ABSOLUTE
    Drivers\CMSIS\stm32f10x_cec.c            0x00000000   Number         0  stm32f10x_cec.o ABSOLUTE
    Drivers\CMSIS\stm32f10x_crc.c            0x00000000   Number         0  stm32f10x_crc.o ABSOLUTE
    Drivers\CMSIS\stm32f10x_dac.c            0x00000000   Number         0  stm32f10x_dac.o ABSOLUTE
    Drivers\CMSIS\stm32f10x_dbgmcu.c         0x00000000   Number         0  stm32f10x_dbgmcu.o ABSOLUTE
    Drivers\CMSIS\stm32f10x_dma.c            0x00000000   Number         0  stm32f10x_dma.o ABSOLUTE
    Drivers\CMSIS\stm32f10x_exti.c           0x00000000   Number         0  stm32f10x_exti.o ABSOLUTE
    Drivers\CMSIS\stm32f10x_flash.c          0x00000000   Number         0  stm32f10x_flash.o ABSOLUTE
    Drivers\CMSIS\stm32f10x_fsmc.c           0x00000000   Number         0  stm32f10x_fsmc.o ABSOLUTE
    Drivers\CMSIS\stm32f10x_gpio.c           0x00000000   Number         0  stm32f10x_gpio.o ABSOLUTE
    Drivers\CMSIS\stm32f10x_i2c.c            0x00000000   Number         0  stm32f10x_i2c.o ABSOLUTE
    Drivers\CMSIS\stm32f10x_it.c             0x00000000   Number         0  stm32f10x_it.o ABSOLUTE
    Drivers\CMSIS\stm32f10x_iwdg.c           0x00000000   Number         0  stm32f10x_iwdg.o ABSOLUTE
    Drivers\CMSIS\stm32f10x_pwr.c            0x00000000   Number         0  stm32f10x_pwr.o ABSOLUTE
    Drivers\CMSIS\stm32f10x_rcc.c            0x00000000   Number         0  stm32f10x_rcc.o ABSOLUTE
    Drivers\CMSIS\stm32f10x_rtc.c            0x00000000   Number         0  stm32f10x_rtc.o ABSOLUTE
    Drivers\CMSIS\stm32f10x_sdio.c           0x00000000   Number         0  stm32f10x_sdio.o ABSOLUTE
    Drivers\CMSIS\stm32f10x_spi.c            0x00000000   Number         0  stm32f10x_spi.o ABSOLUTE
    Drivers\CMSIS\stm32f10x_tim.c            0x00000000   Number         0  stm32f10x_tim.o ABSOLUTE
    Drivers\CMSIS\stm32f10x_usart.c          0x00000000   Number         0  stm32f10x_usart.o ABSOLUTE
    Drivers\CMSIS\stm32f10x_wwdg.c           0x00000000   Number         0  stm32f10x_wwdg.o ABSOLUTE
    Drivers\CMSIS\system\Delay.c             0x00000000   Number         0  delay.o ABSOLUTE
    Drivers\CMSIS\system_stm32f10x.c         0x00000000   Number         0  system_stm32f10x.o ABSOLUTE
    Drivers\\CMSIS\\startup\\core_cm3.c      0x00000000   Number         0  core_cm3.o ABSOLUTE
    cdrcmple.s                               0x00000000   Number         0  cdrcmple.o ABSOLUTE
    dc.s                                     0x00000000   Number         0  dc.o ABSOLUTE
    handlers.s                               0x00000000   Number         0  handlers.o ABSOLUTE
    init.s                                   0x00000000   Number         0  init.o ABSOLUTE
    user\FATFs\source\diskio.c               0x00000000   Number         0  diskio.o ABSOLUTE
    user\FATFs\source\ff.c                   0x00000000   Number         0  ff.o ABSOLUTE
    user\FATFs\source\ffsystem.c             0x00000000   Number         0  ffsystem.o ABSOLUTE
    user\FATFs\source\ffunicode.c            0x00000000   Number         0  ffunicode.o ABSOLUTE
    user\main.c                              0x00000000   Number         0  main.o ABSOLUTE
    RESET                                    0x08000000   Section      304  startup_stm32f103xe.o(RESET)
    .ARM.Collect$$$$00000000                 0x08000130   Section        0  entry.o(.ARM.Collect$$$$00000000)
    .ARM.Collect$$$$00000001                 0x08000130   Section        4  entry2.o(.ARM.Collect$$$$00000001)
    .ARM.Collect$$$$00000004                 0x08000134   Section        4  entry5.o(.ARM.Collect$$$$00000004)
    .ARM.Collect$$$$00000008                 0x08000138   Section        0  entry7b.o(.ARM.Collect$$$$00000008)
    .ARM.Collect$$$$0000000A                 0x08000138   Section        0  entry8b.o(.ARM.Collect$$$$0000000A)
    .ARM.Collect$$$$0000000B                 0x08000138   Section        8  entry9a.o(.ARM.Collect$$$$0000000B)
    .ARM.Collect$$$$0000000D                 0x08000140   Section        0  entry10a.o(.ARM.Collect$$$$0000000D)
    .ARM.Collect$$$$0000000F                 0x08000140   Section        0  entry11a.o(.ARM.Collect$$$$0000000F)
    .ARM.Collect$$$$00002712                 0x08000140   Section        4  entry2.o(.ARM.Collect$$$$00002712)
    __lit__00000000                          0x08000140   Data           4  entry2.o(.ARM.Collect$$$$00002712)
    .text                                    0x08000144   Section       36  startup_stm32f103xe.o(.text)
    .text                                    0x08000168   Section        0  memcmp.o(.text)
    .text                                    0x08000182   Section        0  uidiv.o(.text)
    .text                                    0x080001ae   Section        0  uldiv.o(.text)
    .text                                    0x08000210   Section        0  dadd.o(.text)
    .text                                    0x08000210   Section        0  iusefp.o(.text)
    .text                                    0x0800035e   Section        0  dmul.o(.text)
    .text                                    0x08000442   Section        0  ddiv.o(.text)
    .text                                    0x08000520   Section        0  dfixul.o(.text)
    .text                                    0x08000550   Section       48  cdrcmple.o(.text)
    .text                                    0x08000580   Section       36  init.o(.text)
    .text                                    0x080005a4   Section        0  llshl.o(.text)
    .text                                    0x080005c2   Section        0  llushr.o(.text)
    .text                                    0x080005e2   Section        0  llsshr.o(.text)
    .text                                    0x08000606   Section        0  depilogue.o(.text)
    i.BusFault_Handler                       0x080006c0   Section        0  stm32f10x_it.o(i.BusFault_Handler)
    i.DebugMon_Handler                       0x080006c2   Section        0  stm32f10x_it.o(i.DebugMon_Handler)
    i.Delay_Init                             0x080006c4   Section        0  delay.o(i.Delay_Init)
    i.Delay_ms                               0x08000708   Section        0  delay.o(i.Delay_ms)
    i.EXTI3_IRQHandler                       0x0800071c   Section        0  stm32f10x_it.o(i.EXTI3_IRQHandler)
    i.EXTI4_IRQHandler                       0x08000768   Section        0  stm32f10x_it.o(i.EXTI4_IRQHandler)
    i.EXTI9_5_IRQHandler                     0x08000794   Section        0  stm32f10x_it.o(i.EXTI9_5_IRQHandler)
    i.EXTI_ClearITPendingBit                 0x0800079c   Section        0  stm32f10x_exti.o(i.EXTI_ClearITPendingBit)
    i.EXTI_GetITStatus                       0x080007a8   Section        0  stm32f10x_exti.o(i.EXTI_GetITStatus)
    i.FLASH_PrefetchBufferCmd                0x080007c8   Section        0  stm32f10x_flash.o(i.FLASH_PrefetchBufferCmd)
    i.FLASH_SetLatency                       0x080007e0   Section        0  stm32f10x_flash.o(i.FLASH_SetLatency)
    i.GPIO_Init                              0x080007f4   Section        0  stm32f10x_gpio.o(i.GPIO_Init)
    i.GPIO_ResetBits                         0x0800089a   Section        0  stm32f10x_gpio.o(i.GPIO_ResetBits)
    i.GPIO_SetBits                           0x0800089e   Section        0  stm32f10x_gpio.o(i.GPIO_SetBits)
    i.HardFault_Handler                      0x080008a2   Section        0  stm32f10x_it.o(i.HardFault_Handler)
    i.LED0_Toggle                            0x080008a4   Section        0  led.o(i.LED0_Toggle)
    i.LED_Init                               0x080008b4   Section        0  led.o(i.LED_Init)
    i.MemManage_Handler                      0x0800090c   Section        0  stm32f10x_it.o(i.MemManage_Handler)
    i.NMI_Handler                            0x0800090e   Section        0  stm32f10x_it.o(i.NMI_Handler)
    i.NVIC_Init                              0x08000910   Section        0  misc.o(i.NVIC_Init)
    i.NVIC_PriorityGroupConfig               0x08000974   Section        0  misc.o(i.NVIC_PriorityGroupConfig)
    i.NVIC_USART3Config                      0x08000988   Section        0  usart.o(i.NVIC_USART3Config)
    NVIC_USART3Config                        0x08000989   Thumb Code    40  usart.o(i.NVIC_USART3Config)
    i.PendSV_Handler                         0x080009b0   Section        0  stm32f10x_it.o(i.PendSV_Handler)
    i.RCC_APB1PeriphClockCmd                 0x080009b4   Section        0  stm32f10x_rcc.o(i.RCC_APB1PeriphClockCmd)
    i.RCC_APB1PeriphResetCmd                 0x080009d0   Section        0  stm32f10x_rcc.o(i.RCC_APB1PeriphResetCmd)
    i.RCC_APB2PeriphClockCmd                 0x080009ec   Section        0  stm32f10x_rcc.o(i.RCC_APB2PeriphClockCmd)
    i.RCC_APB2PeriphResetCmd                 0x08000a08   Section        0  stm32f10x_rcc.o(i.RCC_APB2PeriphResetCmd)
    i.RCC_Config                             0x08000a24   Section        0  hse_set.o(i.RCC_Config)
    i.RCC_DeInit                             0x08000ab0   Section        0  stm32f10x_rcc.o(i.RCC_DeInit)
    i.RCC_GetClocksFreq                      0x08000af0   Section        0  stm32f10x_rcc.o(i.RCC_GetClocksFreq)
    i.RCC_GetFlagStatus                      0x08000b9c   Section        0  stm32f10x_rcc.o(i.RCC_GetFlagStatus)
    i.RCC_HCLKConfig                         0x08000bcc   Section        0  stm32f10x_rcc.o(i.RCC_HCLKConfig)
    i.RCC_HSEConfig                          0x08000be0   Section        0  stm32f10x_rcc.o(i.RCC_HSEConfig)
    i.RCC_HSICmd                             0x08000c18   Section        0  stm32f10x_rcc.o(i.RCC_HSICmd)
    i.RCC_PCLK1Config                        0x08000c24   Section        0  stm32f10x_rcc.o(i.RCC_PCLK1Config)
    i.RCC_PCLK2Config                        0x08000c38   Section        0  stm32f10x_rcc.o(i.RCC_PCLK2Config)
    i.RCC_PLLCmd                             0x08000c4c   Section        0  stm32f10x_rcc.o(i.RCC_PLLCmd)
    i.RCC_PLLConfig                          0x08000c58   Section        0  stm32f10x_rcc.o(i.RCC_PLLConfig)
    i.RCC_SYSCLKConfig                       0x08000c6c   Section        0  stm32f10x_rcc.o(i.RCC_SYSCLKConfig)
    i.RCC_WaitForHSEStartUp                  0x08000c80   Section        0  stm32f10x_rcc.o(i.RCC_WaitForHSEStartUp)
    i.SPI2_FLASH_ReadData                    0x08000cb0   Section        0  spi.o(i.SPI2_FLASH_ReadData)
    i.SPI2_FLASH_ReadID                      0x08000d3c   Section        0  spi.o(i.SPI2_FLASH_ReadID)
    i.SPI2_FLASH_Receive_byte                0x08000d90   Section        0  spi.o(i.SPI2_FLASH_Receive_byte)
    i.SPI2_FLASH_Send_byte                   0x08000d94   Section        0  spi.o(i.SPI2_FLASH_Send_byte)
    i.SPI2_FLASH_WriteByte                   0x08000df0   Section        0  spi.o(i.SPI2_FLASH_WriteByte)
    i.SPI2_FLASH_WriteBytes                  0x08000e4c   Section        0  spi.o(i.SPI2_FLASH_WriteBytes)
    i.SPI2_FLASH_Write_Enable                0x08000ec4   Section        0  spi.o(i.SPI2_FLASH_Write_Enable)
    i.SPI2_Init                              0x08000eec   Section        0  spi.o(i.SPI2_Init)
    i.SPI_Cmd                                0x08000fb8   Section        0  stm32f10x_spi.o(i.SPI_Cmd)
    i.SPI_FLASH_SectorErase                  0x08000fd0   Section        0  spi.o(i.SPI_FLASH_SectorErase)
    i.SPI_FLASH_WaitBusy                     0x08001010   Section        0  spi.o(i.SPI_FLASH_WaitBusy)
    i.SPI_I2S_GetFlagStatus                  0x08001040   Section        0  stm32f10x_spi.o(i.SPI_I2S_GetFlagStatus)
    i.SPI_I2S_ReceiveData                    0x0800104e   Section        0  stm32f10x_spi.o(i.SPI_I2S_ReceiveData)
    i.SPI_I2S_SendData                       0x08001052   Section        0  stm32f10x_spi.o(i.SPI_I2S_SendData)
    i.SPI_Init                               0x08001056   Section        0  stm32f10x_spi.o(i.SPI_Init)
    i.SVC_Handler                            0x0800108e   Section        0  stm32f10x_it.o(i.SVC_Handler)
    i.SetSysClock                            0x08001090   Section        0  system_stm32f10x.o(i.SetSysClock)
    SetSysClock                              0x08001091   Thumb Code     4  system_stm32f10x.o(i.SetSysClock)
    i.SetSysClockTo72                        0x08001094   Section        0  system_stm32f10x.o(i.SetSysClockTo72)
    SetSysClockTo72                          0x08001095   Thumb Code   166  system_stm32f10x.o(i.SetSysClockTo72)
    i.SysTick_Handler                        0x08001144   Section        0  stm32f10x_it.o(i.SysTick_Handler)
    i.SystemCoreClockUpdate                  0x08001154   Section        0  system_stm32f10x.o(i.SystemCoreClockUpdate)
    i.SystemInit                             0x080011d0   Section        0  system_stm32f10x.o(i.SystemInit)
    i.USART3_IRQHandler                      0x08001220   Section        0  stm32f10x_it.o(i.USART3_IRQHandler)
    i.USART3_Init                            0x08001264   Section        0  usart.o(i.USART3_Init)
    i.USART_ClearITPendingBit                0x080012fc   Section        0  stm32f10x_usart.o(i.USART_ClearITPendingBit)
    i.USART_Cmd                              0x0800130c   Section        0  stm32f10x_usart.o(i.USART_Cmd)
    i.USART_DeInit                           0x08001324   Section        0  stm32f10x_usart.o(i.USART_DeInit)
    i.USART_GetFlagStatus                    0x080013c8   Section        0  stm32f10x_usart.o(i.USART_GetFlagStatus)
    i.USART_GetITStatus                      0x080013d6   Section        0  stm32f10x_usart.o(i.USART_GetITStatus)
    i.USART_ITConfig                         0x08001416   Section        0  stm32f10x_usart.o(i.USART_ITConfig)
    i.USART_Init                             0x0800144c   Section        0  stm32f10x_usart.o(i.USART_Init)
    i.USART_ReceiveData                      0x08001508   Section        0  stm32f10x_usart.o(i.USART_ReceiveData)
    i.USART_SendByte                         0x08001510   Section        0  usart.o(i.USART_SendByte)
    i.USART_SendData                         0x0800152e   Section        0  stm32f10x_usart.o(i.USART_SendData)
    i.USART_SendString                       0x08001536   Section        0  usart.o(i.USART_SendString)
    i.UsageFault_Handler                     0x0800156e   Section        0  stm32f10x_it.o(i.UsageFault_Handler)
    i.__0printf                              0x08001570   Section        0  printfa.o(i.__0printf)
    i.__scatterload_copy                     0x08001590   Section       14  handlers.o(i.__scatterload_copy)
    i.__scatterload_null                     0x0800159e   Section        2  handlers.o(i.__scatterload_null)
    i.__scatterload_zeroinit                 0x080015a0   Section       14  handlers.o(i.__scatterload_zeroinit)
    i._fp_digits                             0x080015b0   Section        0  printfa.o(i._fp_digits)
    _fp_digits                               0x080015b1   Thumb Code   366  printfa.o(i._fp_digits)
    i._printf_core                           0x08001734   Section        0  printfa.o(i._printf_core)
    _printf_core                             0x08001735   Thumb Code  1744  printfa.o(i._printf_core)
    i._printf_post_padding                   0x08001e10   Section        0  printfa.o(i._printf_post_padding)
    _printf_post_padding                     0x08001e11   Thumb Code    36  printfa.o(i._printf_post_padding)
    i._printf_pre_padding                    0x08001e34   Section        0  printfa.o(i._printf_pre_padding)
    _printf_pre_padding                      0x08001e35   Thumb Code    46  printfa.o(i._printf_pre_padding)
    i.check_fs                               0x08001e64   Section        0  ff.o(i.check_fs)
    check_fs                                 0x08001e65   Thumb Code   198  ff.o(i.check_fs)
    i.disk_initialize                        0x08001f38   Section        0  diskio.o(i.disk_initialize)
    i.disk_ioctl                             0x08001f88   Section        0  diskio.o(i.disk_ioctl)
    i.disk_read                              0x08001fb4   Section        0  diskio.o(i.disk_read)
    i.disk_status                            0x08002028   Section        0  diskio.o(i.disk_status)
    i.disk_write                             0x08002078   Section        0  diskio.o(i.disk_write)
    i.f_mount                                0x080020b8   Section        0  ff.o(i.f_mount)
    i.find_volume                            0x08002104   Section        0  ff.o(i.find_volume)
    find_volume                              0x08002105   Thumb Code    98  ff.o(i.find_volume)
    i.fputc                                  0x08002168   Section        0  usart.o(i.fputc)
    i.get_ldnumber                           0x0800218c   Section        0  ff.o(i.get_ldnumber)
    get_ldnumber                             0x0800218d   Thumb Code    70  ff.o(i.get_ldnumber)
    i.ld_dword                               0x080021d2   Section        0  ff.o(i.ld_dword)
    ld_dword                                 0x080021d3   Thumb Code    22  ff.o(i.ld_dword)
    i.ld_word                                0x080021e8   Section        0  ff.o(i.ld_word)
    ld_word                                  0x080021e9   Thumb Code    10  ff.o(i.ld_word)
    i.main                                   0x080021f4   Section        0  main.o(i.main)
    i.millis                                 0x0800240c   Section        0  delay.o(i.millis)
    i.mount_volume                           0x08002418   Section        0  ff.o(i.mount_volume)
    mount_volume                             0x08002419   Thumb Code   616  ff.o(i.mount_volume)
    i.move_window                            0x08002694   Section        0  ff.o(i.move_window)
    move_window                              0x08002695   Thumb Code    52  ff.o(i.move_window)
    i.sync_window                            0x080026c8   Section        0  ff.o(i.sync_window)
    sync_window                              0x080026c9   Thumb Code    72  ff.o(i.sync_window)
    .data                                    0x20000000   Section       20  system_stm32f10x.o(.data)
    .data                                    0x20000014   Section       20  stm32f10x_rcc.o(.data)
    ADCPrescTable                            0x20000014   Data           4  stm32f10x_rcc.o(.data)
    APBAHBPrescTable                         0x20000018   Data          16  stm32f10x_rcc.o(.data)
    .data                                    0x20000028   Section        8  stm32f10x_it.o(.data)
    .data                                    0x20000030   Section        4  delay.o(.data)
    .data                                    0x20000034   Section        8  ff.o(.data)
    Fsid                                     0x20000034   Data           2  ff.o(.data)
    FatFs                                    0x20000038   Data           4  ff.o(.data)
    .data                                    0x2000003c   Section        4  stdout.o(.data)
    .bss                                     0x20000040   Section     4148  main.o(.bss)
    STACK                                    0x20001078   Section     1024  startup_stm32f103xe.o(STACK)

    Global Symbols

    Symbol Name                              Value     Ov Type        Size  Object(Section)

    BuildAttributes$$THM_ISAv4$P$D$K$B$S$PE$A:L22UL41UL21$X:L11$S22US41US21$IEEE1$IW$USESV6$~STKCKD$USESV7$~SHL$OSPACE$ROPI$EBA8$MICROLIB$REQ8$PRES8$EABIv2 0x00000000   Number         0  anon$$obj.o ABSOLUTE
    __ARM_use_no_argv                        0x00000000   Number         0  main.o ABSOLUTE
    _printf_a                                0x00000000   Number         0  stubs.o ABSOLUTE
    _printf_c                                0x00000000   Number         0  stubs.o ABSOLUTE
    _printf_charcount                        0x00000000   Number         0  stubs.o ABSOLUTE
    _printf_d                                0x00000000   Number         0  stubs.o ABSOLUTE
    _printf_e                                0x00000000   Number         0  stubs.o ABSOLUTE
    _printf_f                                0x00000000   Number         0  stubs.o ABSOLUTE
    _printf_flags                            0x00000000   Number         0  stubs.o ABSOLUTE
    _printf_fp_dec                           0x00000000   Number         0  stubs.o ABSOLUTE
    _printf_fp_hex                           0x00000000   Number         0  stubs.o ABSOLUTE
    _printf_g                                0x00000000   Number         0  stubs.o ABSOLUTE
    _printf_i                                0x00000000   Number         0  stubs.o ABSOLUTE
    _printf_int_dec                          0x00000000   Number         0  stubs.o ABSOLUTE
    _printf_l                                0x00000000   Number         0  stubs.o ABSOLUTE
    _printf_lc                               0x00000000   Number         0  stubs.o ABSOLUTE
    _printf_ll                               0x00000000   Number         0  stubs.o ABSOLUTE
    _printf_lld                              0x00000000   Number         0  stubs.o ABSOLUTE
    _printf_lli                              0x00000000   Number         0  stubs.o ABSOLUTE
    _printf_llo                              0x00000000   Number         0  stubs.o ABSOLUTE
    _printf_llu                              0x00000000   Number         0  stubs.o ABSOLUTE
    _printf_llx                              0x00000000   Number         0  stubs.o ABSOLUTE
    _printf_longlong_dec                     0x00000000   Number         0  stubs.o ABSOLUTE
    _printf_longlong_hex                     0x00000000   Number         0  stubs.o ABSOLUTE
    _printf_longlong_oct                     0x00000000   Number         0  stubs.o ABSOLUTE
    _printf_ls                               0x00000000   Number         0  stubs.o ABSOLUTE
    _printf_mbtowc                           0x00000000   Number         0  stubs.o ABSOLUTE
    _printf_n                                0x00000000   Number         0  stubs.o ABSOLUTE
    _printf_o                                0x00000000   Number         0  stubs.o ABSOLUTE
    _printf_p                                0x00000000   Number         0  stubs.o ABSOLUTE
    _printf_percent                          0x00000000   Number         0  stubs.o ABSOLUTE
    _printf_pre_padding                      0x00000000   Number         0  stubs.o ABSOLUTE
    _printf_return_value                     0x00000000   Number         0  stubs.o ABSOLUTE
    _printf_s                                0x00000000   Number         0  stubs.o ABSOLUTE
    _printf_sizespec                         0x00000000   Number         0  stubs.o ABSOLUTE
    _printf_str                              0x00000000   Number         0  stubs.o ABSOLUTE
    _printf_truncate_signed                  0x00000000   Number         0  stubs.o ABSOLUTE
    _printf_truncate_unsigned                0x00000000   Number         0  stubs.o ABSOLUTE
    _printf_u                                0x00000000   Number         0  stubs.o ABSOLUTE
    _printf_wc                               0x00000000   Number         0  stubs.o ABSOLUTE
    _printf_wctomb                           0x00000000   Number         0  stubs.o ABSOLUTE
    _printf_widthprec                        0x00000000   Number         0  stubs.o ABSOLUTE
    _printf_x                                0x00000000   Number         0  stubs.o ABSOLUTE
    __cpp_initialize__aeabi_                  - Undefined Weak Reference
    __cxa_finalize                            - Undefined Weak Reference
    __decompress                              - Undefined Weak Reference
    _clock_init                               - Undefined Weak Reference
    _microlib_exit                            - Undefined Weak Reference
    _scanf_longlong                           - Undefined Weak Reference
    _scanf_real                               - Undefined Weak Reference
    __Vectors_Size                           0x00000130   Number         0  startup_stm32f103xe.o ABSOLUTE
    __Vectors                                0x08000000   Data           4  startup_stm32f103xe.o(RESET)
    __Vectors_End                            0x08000130   Data           0  startup_stm32f103xe.o(RESET)
    __main                                   0x08000131   Thumb Code     0  entry.o(.ARM.Collect$$$$00000000)
    _main_stk                                0x08000131   Thumb Code     0  entry2.o(.ARM.Collect$$$$00000001)
    _main_scatterload                        0x08000135   Thumb Code     0  entry5.o(.ARM.Collect$$$$00000004)
    __main_after_scatterload                 0x08000139   Thumb Code     0  entry5.o(.ARM.Collect$$$$00000004)
    _main_clock                              0x08000139   Thumb Code     0  entry7b.o(.ARM.Collect$$$$00000008)
    _main_cpp_init                           0x08000139   Thumb Code     0  entry8b.o(.ARM.Collect$$$$0000000A)
    _main_init                               0x08000139   Thumb Code     0  entry9a.o(.ARM.Collect$$$$0000000B)
    __rt_final_cpp                           0x08000141   Thumb Code     0  entry10a.o(.ARM.Collect$$$$0000000D)
    __rt_final_exit                          0x08000141   Thumb Code     0  entry11a.o(.ARM.Collect$$$$0000000F)
    Reset_Handler                            0x08000145   Thumb Code     8  startup_stm32f103xe.o(.text)
    ADC1_2_IRQHandler                        0x0800015f   Thumb Code     0  startup_stm32f103xe.o(.text)
    ADC3_IRQHandler                          0x0800015f   Thumb Code     0  startup_stm32f103xe.o(.text)
    CAN1_RX1_IRQHandler                      0x0800015f   Thumb Code     0  startup_stm32f103xe.o(.text)
    CAN1_SCE_IRQHandler                      0x0800015f   Thumb Code     0  startup_stm32f103xe.o(.text)
    DMA1_Channel1_IRQHandler                 0x0800015f   Thumb Code     0  startup_stm32f103xe.o(.text)
    DMA1_Channel2_IRQHandler                 0x0800015f   Thumb Code     0  startup_stm32f103xe.o(.text)
    DMA1_Channel3_IRQHandler                 0x0800015f   Thumb Code     0  startup_stm32f103xe.o(.text)
    DMA1_Channel4_IRQHandler                 0x0800015f   Thumb Code     0  startup_stm32f103xe.o(.text)
    DMA1_Channel5_IRQHandler                 0x0800015f   Thumb Code     0  startup_stm32f103xe.o(.text)
    DMA1_Channel6_IRQHandler                 0x0800015f   Thumb Code     0  startup_stm32f103xe.o(.text)
    DMA1_Channel7_IRQHandler                 0x0800015f   Thumb Code     0  startup_stm32f103xe.o(.text)
    DMA2_Channel1_IRQHandler                 0x0800015f   Thumb Code     0  startup_stm32f103xe.o(.text)
    DMA2_Channel2_IRQHandler                 0x0800015f   Thumb Code     0  startup_stm32f103xe.o(.text)
    DMA2_Channel3_IRQHandler                 0x0800015f   Thumb Code     0  startup_stm32f103xe.o(.text)
    DMA2_Channel4_5_IRQHandler               0x0800015f   Thumb Code     0  startup_stm32f103xe.o(.text)
    EXTI0_IRQHandler                         0x0800015f   Thumb Code     0  startup_stm32f103xe.o(.text)
    EXTI15_10_IRQHandler                     0x0800015f   Thumb Code     0  startup_stm32f103xe.o(.text)
    EXTI1_IRQHandler                         0x0800015f   Thumb Code     0  startup_stm32f103xe.o(.text)
    EXTI2_IRQHandler                         0x0800015f   Thumb Code     0  startup_stm32f103xe.o(.text)
    FLASH_IRQHandler                         0x0800015f   Thumb Code     0  startup_stm32f103xe.o(.text)
    FSMC_IRQHandler                          0x0800015f   Thumb Code     0  startup_stm32f103xe.o(.text)
    I2C1_ER_IRQHandler                       0x0800015f   Thumb Code     0  startup_stm32f103xe.o(.text)
    I2C1_EV_IRQHandler                       0x0800015f   Thumb Code     0  startup_stm32f103xe.o(.text)
    I2C2_ER_IRQHandler                       0x0800015f   Thumb Code     0  startup_stm32f103xe.o(.text)
    I2C2_EV_IRQHandler                       0x0800015f   Thumb Code     0  startup_stm32f103xe.o(.text)
    PVD_IRQHandler                           0x0800015f   Thumb Code     0  startup_stm32f103xe.o(.text)
    RCC_IRQHandler                           0x0800015f   Thumb Code     0  startup_stm32f103xe.o(.text)
    RTC_Alarm_IRQHandler                     0x0800015f   Thumb Code     0  startup_stm32f103xe.o(.text)
    RTC_IRQHandler                           0x0800015f   Thumb Code     0  startup_stm32f103xe.o(.text)
    SDIO_IRQHandler                          0x0800015f   Thumb Code     0  startup_stm32f103xe.o(.text)
    SPI1_IRQHandler                          0x0800015f   Thumb Code     0  startup_stm32f103xe.o(.text)
    SPI2_IRQHandler                          0x0800015f   Thumb Code     0  startup_stm32f103xe.o(.text)
    SPI3_IRQHandler                          0x0800015f   Thumb Code     0  startup_stm32f103xe.o(.text)
    TAMPER_IRQHandler                        0x0800015f   Thumb Code     0  startup_stm32f103xe.o(.text)
    TIM1_BRK_IRQHandler                      0x0800015f   Thumb Code     0  startup_stm32f103xe.o(.text)
    TIM1_CC_IRQHandler                       0x0800015f   Thumb Code     0  startup_stm32f103xe.o(.text)
    TIM1_TRG_COM_IRQHandler                  0x0800015f   Thumb Code     0  startup_stm32f103xe.o(.text)
    TIM1_UP_IRQHandler                       0x0800015f   Thumb Code     0  startup_stm32f103xe.o(.text)
    TIM2_IRQHandler                          0x0800015f   Thumb Code     0  startup_stm32f103xe.o(.text)
    TIM3_IRQHandler                          0x0800015f   Thumb Code     0  startup_stm32f103xe.o(.text)
    TIM4_IRQHandler                          0x0800015f   Thumb Code     0  startup_stm32f103xe.o(.text)
    TIM5_IRQHandler                          0x0800015f   Thumb Code     0  startup_stm32f103xe.o(.text)
    TIM6_IRQHandler                          0x0800015f   Thumb Code     0  startup_stm32f103xe.o(.text)
    TIM7_IRQHandler                          0x0800015f   Thumb Code     0  startup_stm32f103xe.o(.text)
    TIM8_BRK_IRQHandler                      0x0800015f   Thumb Code     0  startup_stm32f103xe.o(.text)
    TIM8_CC_IRQHandler                       0x0800015f   Thumb Code     0  startup_stm32f103xe.o(.text)
    TIM8_TRG_COM_IRQHandler                  0x0800015f   Thumb Code     0  startup_stm32f103xe.o(.text)
    TIM8_UP_IRQHandler                       0x0800015f   Thumb Code     0  startup_stm32f103xe.o(.text)
    UART4_IRQHandler                         0x0800015f   Thumb Code     0  startup_stm32f103xe.o(.text)
    UART5_IRQHandler                         0x0800015f   Thumb Code     0  startup_stm32f103xe.o(.text)
    USART1_IRQHandler                        0x0800015f   Thumb Code     0  startup_stm32f103xe.o(.text)
    USART2_IRQHandler                        0x0800015f   Thumb Code     0  startup_stm32f103xe.o(.text)
    USBWakeUp_IRQHandler                     0x0800015f   Thumb Code     0  startup_stm32f103xe.o(.text)
    USB_HP_CAN1_TX_IRQHandler                0x0800015f   Thumb Code     0  startup_stm32f103xe.o(.text)
    USB_LP_CAN1_RX0_IRQHandler               0x0800015f   Thumb Code     0  startup_stm32f103xe.o(.text)
    WWDG_IRQHandler                          0x0800015f   Thumb Code     0  startup_stm32f103xe.o(.text)
    memcmp                                   0x08000169   Thumb Code    26  memcmp.o(.text)
    __aeabi_uidiv                            0x08000183   Thumb Code     0  uidiv.o(.text)
    __aeabi_uidivmod                         0x08000183   Thumb Code    44  uidiv.o(.text)
    __aeabi_uldivmod                         0x080001af   Thumb Code    98  uldiv.o(.text)
    __I$use$fp                               0x08000211   Thumb Code     0  iusefp.o(.text)
    __aeabi_dadd                             0x08000211   Thumb Code   322  dadd.o(.text)
    __aeabi_dsub                             0x08000353   Thumb Code     6  dadd.o(.text)
    __aeabi_drsub                            0x08000359   Thumb Code     6  dadd.o(.text)
    __aeabi_dmul                             0x0800035f   Thumb Code   228  dmul.o(.text)
    __aeabi_ddiv                             0x08000443   Thumb Code   222  ddiv.o(.text)
    __aeabi_d2ulz                            0x08000521   Thumb Code    48  dfixul.o(.text)
    __aeabi_cdrcmple                         0x08000551   Thumb Code    48  cdrcmple.o(.text)
    __scatterload                            0x08000581   Thumb Code    28  init.o(.text)
    __scatterload_rt2                        0x08000581   Thumb Code     0  init.o(.text)
    __aeabi_llsl                             0x080005a5   Thumb Code    30  llshl.o(.text)
    _ll_shift_l                              0x080005a5   Thumb Code     0  llshl.o(.text)
    __aeabi_llsr                             0x080005c3   Thumb Code    32  llushr.o(.text)
    _ll_ushift_r                             0x080005c3   Thumb Code     0  llushr.o(.text)
    __aeabi_lasr                             0x080005e3   Thumb Code    36  llsshr.o(.text)
    _ll_sshift_r                             0x080005e3   Thumb Code     0  llsshr.o(.text)
    _double_round                            0x08000607   Thumb Code    30  depilogue.o(.text)
    _double_epilogue                         0x08000625   Thumb Code   156  depilogue.o(.text)
    BusFault_Handler                         0x080006c1   Thumb Code     2  stm32f10x_it.o(i.BusFault_Handler)
    DebugMon_Handler                         0x080006c3   Thumb Code     2  stm32f10x_it.o(i.DebugMon_Handler)
    Delay_Init                               0x080006c5   Thumb Code    58  delay.o(i.Delay_Init)
    Delay_ms                                 0x08000709   Thumb Code    14  delay.o(i.Delay_ms)
    EXTI3_IRQHandler                         0x0800071d   Thumb Code    54  stm32f10x_it.o(i.EXTI3_IRQHandler)
    EXTI4_IRQHandler                         0x08000769   Thumb Code    40  stm32f10x_it.o(i.EXTI4_IRQHandler)
    EXTI9_5_IRQHandler                       0x08000795   Thumb Code     8  stm32f10x_it.o(i.EXTI9_5_IRQHandler)
    EXTI_ClearITPendingBit                   0x0800079d   Thumb Code     6  stm32f10x_exti.o(i.EXTI_ClearITPendingBit)
    EXTI_GetITStatus                         0x080007a9   Thumb Code    28  stm32f10x_exti.o(i.EXTI_GetITStatus)
    FLASH_PrefetchBufferCmd                  0x080007c9   Thumb Code    18  stm32f10x_flash.o(i.FLASH_PrefetchBufferCmd)
    FLASH_SetLatency                         0x080007e1   Thumb Code    14  stm32f10x_flash.o(i.FLASH_SetLatency)
    GPIO_Init                                0x080007f5   Thumb Code   166  stm32f10x_gpio.o(i.GPIO_Init)
    GPIO_ResetBits                           0x0800089b   Thumb Code     4  stm32f10x_gpio.o(i.GPIO_ResetBits)
    GPIO_SetBits                             0x0800089f   Thumb Code     4  stm32f10x_gpio.o(i.GPIO_SetBits)
    HardFault_Handler                        0x080008a3   Thumb Code     2  stm32f10x_it.o(i.HardFault_Handler)
    LED0_Toggle                              0x080008a5   Thumb Code    12  led.o(i.LED0_Toggle)
    LED_Init                                 0x080008b5   Thumb Code    78  led.o(i.LED_Init)
    MemManage_Handler                        0x0800090d   Thumb Code     2  stm32f10x_it.o(i.MemManage_Handler)
    NMI_Handler                              0x0800090f   Thumb Code     2  stm32f10x_it.o(i.NMI_Handler)
    NVIC_Init                                0x08000911   Thumb Code    96  misc.o(i.NVIC_Init)
    NVIC_PriorityGroupConfig                 0x08000975   Thumb Code    10  misc.o(i.NVIC_PriorityGroupConfig)
    PendSV_Handler                           0x080009b1   Thumb Code     2  stm32f10x_it.o(i.PendSV_Handler)
    RCC_APB1PeriphClockCmd                   0x080009b5   Thumb Code    22  stm32f10x_rcc.o(i.RCC_APB1PeriphClockCmd)
    RCC_APB1PeriphResetCmd                   0x080009d1   Thumb Code    22  stm32f10x_rcc.o(i.RCC_APB1PeriphResetCmd)
    RCC_APB2PeriphClockCmd                   0x080009ed   Thumb Code    22  stm32f10x_rcc.o(i.RCC_APB2PeriphClockCmd)
    RCC_APB2PeriphResetCmd                   0x08000a09   Thumb Code    22  stm32f10x_rcc.o(i.RCC_APB2PeriphResetCmd)
    RCC_Config                               0x08000a25   Thumb Code   140  hse_set.o(i.RCC_Config)
    RCC_DeInit                               0x08000ab1   Thumb Code    50  stm32f10x_rcc.o(i.RCC_DeInit)
    RCC_GetClocksFreq                        0x08000af1   Thumb Code   154  stm32f10x_rcc.o(i.RCC_GetClocksFreq)
    RCC_GetFlagStatus                        0x08000b9d   Thumb Code    42  stm32f10x_rcc.o(i.RCC_GetFlagStatus)
    RCC_HCLKConfig                           0x08000bcd   Thumb Code    14  stm32f10x_rcc.o(i.RCC_HCLKConfig)
    RCC_HSEConfig                            0x08000be1   Thumb Code    50  stm32f10x_rcc.o(i.RCC_HSEConfig)
    RCC_HSICmd                               0x08000c19   Thumb Code     6  stm32f10x_rcc.o(i.RCC_HSICmd)
    RCC_PCLK1Config                          0x08000c25   Thumb Code    14  stm32f10x_rcc.o(i.RCC_PCLK1Config)
    RCC_PCLK2Config                          0x08000c39   Thumb Code    16  stm32f10x_rcc.o(i.RCC_PCLK2Config)
    RCC_PLLCmd                               0x08000c4d   Thumb Code     6  stm32f10x_rcc.o(i.RCC_PLLCmd)
    RCC_PLLConfig                            0x08000c59   Thumb Code    16  stm32f10x_rcc.o(i.RCC_PLLConfig)
    RCC_SYSCLKConfig                         0x08000c6d   Thumb Code    14  stm32f10x_rcc.o(i.RCC_SYSCLKConfig)
    RCC_WaitForHSEStartUp                    0x08000c81   Thumb Code    48  stm32f10x_rcc.o(i.RCC_WaitForHSEStartUp)
    SPI2_FLASH_ReadData                      0x08000cb1   Thumb Code   134  spi.o(i.SPI2_FLASH_ReadData)
    SPI2_FLASH_ReadID                        0x08000d3d   Thumb Code    78  spi.o(i.SPI2_FLASH_ReadID)
    SPI2_FLASH_Receive_byte                  0x08000d91   Thumb Code     4  spi.o(i.SPI2_FLASH_Receive_byte)
    SPI2_FLASH_Send_byte                     0x08000d95   Thumb Code    86  spi.o(i.SPI2_FLASH_Send_byte)
    SPI2_FLASH_WriteByte                     0x08000df1   Thumb Code    86  spi.o(i.SPI2_FLASH_WriteByte)
    SPI2_FLASH_WriteBytes                    0x08000e4d   Thumb Code   116  spi.o(i.SPI2_FLASH_WriteBytes)
    SPI2_FLASH_Write_Enable                  0x08000ec5   Thumb Code    34  spi.o(i.SPI2_FLASH_Write_Enable)
    SPI2_Init                                0x08000eed   Thumb Code   196  spi.o(i.SPI2_Init)
    SPI_Cmd                                  0x08000fb9   Thumb Code    24  stm32f10x_spi.o(i.SPI_Cmd)
    SPI_FLASH_SectorErase                    0x08000fd1   Thumb Code    58  spi.o(i.SPI_FLASH_SectorErase)
    SPI_FLASH_WaitBusy                       0x08001011   Thumb Code    44  spi.o(i.SPI_FLASH_WaitBusy)
    SPI_I2S_GetFlagStatus                    0x08001041   Thumb Code    14  stm32f10x_spi.o(i.SPI_I2S_GetFlagStatus)
    SPI_I2S_ReceiveData                      0x0800104f   Thumb Code     4  stm32f10x_spi.o(i.SPI_I2S_ReceiveData)
    SPI_I2S_SendData                         0x08001053   Thumb Code     4  stm32f10x_spi.o(i.SPI_I2S_SendData)
    SPI_Init                                 0x08001057   Thumb Code    56  stm32f10x_spi.o(i.SPI_Init)
    SVC_Handler                              0x0800108f   Thumb Code     2  stm32f10x_it.o(i.SVC_Handler)
    SysTick_Handler                          0x08001145   Thumb Code    10  stm32f10x_it.o(i.SysTick_Handler)
    SystemCoreClockUpdate                    0x08001155   Thumb Code   106  system_stm32f10x.o(i.SystemCoreClockUpdate)
    SystemInit                               0x080011d1   Thumb Code    64  system_stm32f10x.o(i.SystemInit)
    USART3_IRQHandler                        0x08001221   Thumb Code    62  stm32f10x_it.o(i.USART3_IRQHandler)
    USART3_Init                              0x08001265   Thumb Code   144  usart.o(i.USART3_Init)
    USART_ClearITPendingBit                  0x080012fd   Thumb Code    16  stm32f10x_usart.o(i.USART_ClearITPendingBit)
    USART_Cmd                                0x0800130d   Thumb Code    24  stm32f10x_usart.o(i.USART_Cmd)
    USART_DeInit                             0x08001325   Thumb Code   144  stm32f10x_usart.o(i.USART_DeInit)
    USART_GetFlagStatus                      0x080013c9   Thumb Code    14  stm32f10x_usart.o(i.USART_GetFlagStatus)
    USART_GetITStatus                        0x080013d7   Thumb Code    64  stm32f10x_usart.o(i.USART_GetITStatus)
    USART_ITConfig                           0x08001417   Thumb Code    54  stm32f10x_usart.o(i.USART_ITConfig)
    USART_Init                               0x0800144d   Thumb Code   182  stm32f10x_usart.o(i.USART_Init)
    USART_ReceiveData                        0x08001509   Thumb Code     8  stm32f10x_usart.o(i.USART_ReceiveData)
    USART_SendByte                           0x08001511   Thumb Code    30  usart.o(i.USART_SendByte)
    USART_SendData                           0x0800152f   Thumb Code     8  stm32f10x_usart.o(i.USART_SendData)
    USART_SendString                         0x08001537   Thumb Code    56  usart.o(i.USART_SendString)
    UsageFault_Handler                       0x0800156f   Thumb Code     2  stm32f10x_it.o(i.UsageFault_Handler)
    __0printf                                0x08001571   Thumb Code    22  printfa.o(i.__0printf)
    __1printf                                0x08001571   Thumb Code     0  printfa.o(i.__0printf)
    __2printf                                0x08001571   Thumb Code     0  printfa.o(i.__0printf)
    __c89printf                              0x08001571   Thumb Code     0  printfa.o(i.__0printf)
    printf                                   0x08001571   Thumb Code     0  printfa.o(i.__0printf)
    __scatterload_copy                       0x08001591   Thumb Code    14  handlers.o(i.__scatterload_copy)
    __scatterload_null                       0x0800159f   Thumb Code     2  handlers.o(i.__scatterload_null)
    __scatterload_zeroinit                   0x080015a1   Thumb Code    14  handlers.o(i.__scatterload_zeroinit)
    disk_initialize                          0x08001f39   Thumb Code    38  diskio.o(i.disk_initialize)
    disk_ioctl                               0x08001f89   Thumb Code    42  diskio.o(i.disk_ioctl)
    disk_read                                0x08001fb5   Thumb Code    76  diskio.o(i.disk_read)
    disk_status                              0x08002029   Thumb Code    38  diskio.o(i.disk_status)
    disk_write                               0x08002079   Thumb Code    62  diskio.o(i.disk_write)
    f_mount                                  0x080020b9   Thumb Code    72  ff.o(i.f_mount)
    fputc                                    0x08002169   Thumb Code    30  usart.o(i.fputc)
    main                                     0x080021f5   Thumb Code   318  main.o(i.main)
    millis                                   0x0800240d   Thumb Code     6  delay.o(i.millis)
    Region$$Table$$Base                      0x08002710   Number         0  anon$$obj.o(Region$$Table)
    Region$$Table$$Limit                     0x08002730   Number         0  anon$$obj.o(Region$$Table)
    SystemCoreClock                          0x20000000   Data           4  system_stm32f10x.o(.data)
    AHBPrescTable                            0x20000004   Data          16  system_stm32f10x.o(.data)
    key_flag                                 0x20000028   Data           1  stm32f10x_it.o(.data)
    last_key_time                            0x2000002c   Data           4  stm32f10x_it.o(.data)
    SysTick_Counter                          0x20000030   Data           4  delay.o(.data)
    __stdout                                 0x2000003c   Data           4  stdout.o(.data)
    fs                                       0x20000040   Data        4148  main.o(.bss)
    __initial_sp                             0x20001478   Data           0  startup_stm32f103xe.o(STACK)



==============================================================================

Memory Map of the image

  Image Entry point : 0x08000131

  Load Region LR_IROM1 (Base: 0x08000000, Size: 0x00002770, Max: 0x00080000, ABSOLUTE)

    Execution Region ER_IROM1 (Exec base: 0x08000000, Load base: 0x08000000, Size: 0x00002730, Max: 0x00080000, ABSOLUTE)

    Exec Addr    Load Addr    Size         Type   Attr      Idx    E Section Name        Object

    0x08000000   0x08000000   0x00000130   Data   RO           19    RESET               startup_stm32f103xe.o
    0x08000130   0x08000130   0x00000000   Code   RO         4195  * .ARM.Collect$$$$00000000  mc_w.l(entry.o)
    0x08000130   0x08000130   0x00000004   Code   RO         4479    .ARM.Collect$$$$00000001  mc_w.l(entry2.o)
    0x08000134   0x08000134   0x00000004   Code   RO         4482    .ARM.Collect$$$$00000004  mc_w.l(entry5.o)
    0x08000138   0x08000138   0x00000000   Code   RO         4484    .ARM.Collect$$$$00000008  mc_w.l(entry7b.o)
    0x08000138   0x08000138   0x00000000   Code   RO         4486    .ARM.Collect$$$$0000000A  mc_w.l(entry8b.o)
    0x08000138   0x08000138   0x00000008   Code   RO         4487    .ARM.Collect$$$$0000000B  mc_w.l(entry9a.o)
    0x08000140   0x08000140   0x00000000   Code   RO         4489    .ARM.Collect$$$$0000000D  mc_w.l(entry10a.o)
    0x08000140   0x08000140   0x00000000   Code   RO         4491    .ARM.Collect$$$$0000000F  mc_w.l(entry11a.o)
    0x08000140   0x08000140   0x00000004   Code   RO         4480    .ARM.Collect$$$$00002712  mc_w.l(entry2.o)
    0x08000144   0x08000144   0x00000024   Code   RO           20    .text               startup_stm32f103xe.o
    0x08000168   0x08000168   0x0000001a   Code   RO         4204    .text               mc_w.l(memcmp.o)
    0x08000182   0x08000182   0x0000002c   Code   RO         4494    .text               mc_w.l(uidiv.o)
    0x080001ae   0x080001ae   0x00000062   Code   RO         4496    .text               mc_w.l(uldiv.o)
    0x08000210   0x08000210   0x00000000   Code   RO         4504    .text               mc_w.l(iusefp.o)
    0x08000210   0x08000210   0x0000014e   Code   RO         4505    .text               mf_w.l(dadd.o)
    0x0800035e   0x0800035e   0x000000e4   Code   RO         4507    .text               mf_w.l(dmul.o)
    0x08000442   0x08000442   0x000000de   Code   RO         4509    .text               mf_w.l(ddiv.o)
    0x08000520   0x08000520   0x00000030   Code   RO         4511    .text               mf_w.l(dfixul.o)
    0x08000550   0x08000550   0x00000030   Code   RO         4513    .text               mf_w.l(cdrcmple.o)
    0x08000580   0x08000580   0x00000024   Code   RO         4515    .text               mc_w.l(init.o)
    0x080005a4   0x080005a4   0x0000001e   Code   RO         4517    .text               mc_w.l(llshl.o)
    0x080005c2   0x080005c2   0x00000020   Code   RO         4519    .text               mc_w.l(llushr.o)
    0x080005e2   0x080005e2   0x00000024   Code   RO         4521    .text               mc_w.l(llsshr.o)
    0x08000606   0x08000606   0x000000ba   Code   RO         4527    .text               mf_w.l(depilogue.o)
    0x080006c0   0x080006c0   0x00000002   Code   RO         3108    i.BusFault_Handler  stm32f10x_it.o
    0x080006c2   0x080006c2   0x00000002   Code   RO         3109    i.DebugMon_Handler  stm32f10x_it.o
    0x080006c4   0x080006c4   0x00000044   Code   RO         3222    i.Delay_Init        delay.o
    0x08000708   0x08000708   0x00000014   Code   RO         3223    i.Delay_ms          delay.o
    0x0800071c   0x0800071c   0x0000004c   Code   RO         3110    i.EXTI3_IRQHandler  stm32f10x_it.o
    0x08000768   0x08000768   0x0000002c   Code   RO         3111    i.EXTI4_IRQHandler  stm32f10x_it.o
    0x08000794   0x08000794   0x00000008   Code   RO         3112    i.EXTI9_5_IRQHandler  stm32f10x_it.o
    0x0800079c   0x0800079c   0x0000000c   Code   RO          939    i.EXTI_ClearITPendingBit  stm32f10x_exti.o
    0x080007a8   0x080007a8   0x00000020   Code   RO          943    i.EXTI_GetITStatus  stm32f10x_exti.o
    0x080007c8   0x080007c8   0x00000018   Code   RO         1009    i.FLASH_PrefetchBufferCmd  stm32f10x_flash.o
    0x080007e0   0x080007e0   0x00000014   Code   RO         1014    i.FLASH_SetLatency  stm32f10x_flash.o
    0x080007f4   0x080007f4   0x000000a6   Code   RO         1292    i.GPIO_Init         stm32f10x_gpio.o
    0x0800089a   0x0800089a   0x00000004   Code   RO         1299    i.GPIO_ResetBits    stm32f10x_gpio.o
    0x0800089e   0x0800089e   0x00000004   Code   RO         1300    i.GPIO_SetBits      stm32f10x_gpio.o
    0x080008a2   0x080008a2   0x00000002   Code   RO         3113    i.HardFault_Handler  stm32f10x_it.o
    0x080008a4   0x080008a4   0x00000010   Code   RO         3380    i.LED0_Toggle       led.o
    0x080008b4   0x080008b4   0x00000058   Code   RO         3384    i.LED_Init          led.o
    0x0800090c   0x0800090c   0x00000002   Code   RO         3114    i.MemManage_Handler  stm32f10x_it.o
    0x0800090e   0x0800090e   0x00000002   Code   RO         3115    i.NMI_Handler       stm32f10x_it.o
    0x08000910   0x08000910   0x00000064   Code   RO          137    i.NVIC_Init         misc.o
    0x08000974   0x08000974   0x00000014   Code   RO          138    i.NVIC_PriorityGroupConfig  misc.o
    0x08000988   0x08000988   0x00000028   Code   RO         3511    i.NVIC_USART3Config  usart.o
    0x080009b0   0x080009b0   0x00000002   Code   RO         3116    i.PendSV_Handler    stm32f10x_it.o
    0x080009b2   0x080009b2   0x00000002   PAD
    0x080009b4   0x080009b4   0x0000001c   Code   RO         1708    i.RCC_APB1PeriphClockCmd  stm32f10x_rcc.o
    0x080009d0   0x080009d0   0x0000001c   Code   RO         1709    i.RCC_APB1PeriphResetCmd  stm32f10x_rcc.o
    0x080009ec   0x080009ec   0x0000001c   Code   RO         1710    i.RCC_APB2PeriphClockCmd  stm32f10x_rcc.o
    0x08000a08   0x08000a08   0x0000001c   Code   RO         1711    i.RCC_APB2PeriphResetCmd  stm32f10x_rcc.o
    0x08000a24   0x08000a24   0x0000008c   Code   RO         3494    i.RCC_Config        hse_set.o
    0x08000ab0   0x08000ab0   0x00000040   Code   RO         1717    i.RCC_DeInit        stm32f10x_rcc.o
    0x08000af0   0x08000af0   0x000000ac   Code   RO         1718    i.RCC_GetClocksFreq  stm32f10x_rcc.o
    0x08000b9c   0x08000b9c   0x00000030   Code   RO         1719    i.RCC_GetFlagStatus  stm32f10x_rcc.o
    0x08000bcc   0x08000bcc   0x00000014   Code   RO         1722    i.RCC_HCLKConfig    stm32f10x_rcc.o
    0x08000be0   0x08000be0   0x00000038   Code   RO         1723    i.RCC_HSEConfig     stm32f10x_rcc.o
    0x08000c18   0x08000c18   0x0000000c   Code   RO         1724    i.RCC_HSICmd        stm32f10x_rcc.o
    0x08000c24   0x08000c24   0x00000014   Code   RO         1729    i.RCC_PCLK1Config   stm32f10x_rcc.o
    0x08000c38   0x08000c38   0x00000014   Code   RO         1730    i.RCC_PCLK2Config   stm32f10x_rcc.o
    0x08000c4c   0x08000c4c   0x0000000c   Code   RO         1731    i.RCC_PLLCmd        stm32f10x_rcc.o
    0x08000c58   0x08000c58   0x00000014   Code   RO         1732    i.RCC_PLLConfig     stm32f10x_rcc.o
    0x08000c6c   0x08000c6c   0x00000014   Code   RO         1735    i.RCC_SYSCLKConfig  stm32f10x_rcc.o
    0x08000c80   0x08000c80   0x00000030   Code   RO         1737    i.RCC_WaitForHSEStartUp  stm32f10x_rcc.o
    0x08000cb0   0x08000cb0   0x0000008c   Code   RO         3734    i.SPI2_FLASH_ReadData  spi.o
    0x08000d3c   0x08000d3c   0x00000054   Code   RO         3735    i.SPI2_FLASH_ReadID  spi.o
    0x08000d90   0x08000d90   0x00000004   Code   RO         3736    i.SPI2_FLASH_Receive_byte  spi.o
    0x08000d94   0x08000d94   0x0000005c   Code   RO         3738    i.SPI2_FLASH_Send_byte  spi.o
    0x08000df0   0x08000df0   0x0000005c   Code   RO         3739    i.SPI2_FLASH_WriteByte  spi.o
    0x08000e4c   0x08000e4c   0x00000078   Code   RO         3740    i.SPI2_FLASH_WriteBytes  spi.o
    0x08000ec4   0x08000ec4   0x00000028   Code   RO         3741    i.SPI2_FLASH_Write_Enable  spi.o
    0x08000eec   0x08000eec   0x000000cc   Code   RO         3742    i.SPI2_Init         spi.o
    0x08000fb8   0x08000fb8   0x00000018   Code   RO         2187    i.SPI_Cmd           stm32f10x_spi.o
    0x08000fd0   0x08000fd0   0x00000040   Code   RO         3743    i.SPI_FLASH_SectorErase  spi.o
    0x08001010   0x08001010   0x00000030   Code   RO         3744    i.SPI_FLASH_WaitBusy  spi.o
    0x08001040   0x08001040   0x0000000e   Code   RO         2195    i.SPI_I2S_GetFlagStatus  stm32f10x_spi.o
    0x0800104e   0x0800104e   0x00000004   Code   RO         2198    i.SPI_I2S_ReceiveData  stm32f10x_spi.o
    0x08001052   0x08001052   0x00000004   Code   RO         2199    i.SPI_I2S_SendData  stm32f10x_spi.o
    0x08001056   0x08001056   0x00000038   Code   RO         2200    i.SPI_Init          stm32f10x_spi.o
    0x0800108e   0x0800108e   0x00000002   Code   RO         3117    i.SVC_Handler       stm32f10x_it.o
    0x08001090   0x08001090   0x00000004   Code   RO           24    i.SetSysClock       system_stm32f10x.o
    0x08001094   0x08001094   0x000000b0   Code   RO           25    i.SetSysClockTo72   system_stm32f10x.o
    0x08001144   0x08001144   0x00000010   Code   RO         3118    i.SysTick_Handler   stm32f10x_it.o
    0x08001154   0x08001154   0x0000007c   Code   RO           26    i.SystemCoreClockUpdate  system_stm32f10x.o
    0x080011d0   0x080011d0   0x00000050   Code   RO           27    i.SystemInit        system_stm32f10x.o
    0x08001220   0x08001220   0x00000044   Code   RO         3119    i.USART3_IRQHandler  stm32f10x_it.o
    0x08001264   0x08001264   0x00000098   Code   RO         3513    i.USART3_Init       usart.o
    0x080012fc   0x080012fc   0x00000010   Code   RO         2875    i.USART_ClearITPendingBit  stm32f10x_usart.o
    0x0800130c   0x0800130c   0x00000018   Code   RO         2878    i.USART_Cmd         stm32f10x_usart.o
    0x08001324   0x08001324   0x000000a4   Code   RO         2880    i.USART_DeInit      stm32f10x_usart.o
    0x080013c8   0x080013c8   0x0000000e   Code   RO         2881    i.USART_GetFlagStatus  stm32f10x_usart.o
    0x080013d6   0x080013d6   0x00000040   Code   RO         2882    i.USART_GetITStatus  stm32f10x_usart.o
    0x08001416   0x08001416   0x00000036   Code   RO         2884    i.USART_ITConfig    stm32f10x_usart.o
    0x0800144c   0x0800144c   0x000000bc   Code   RO         2885    i.USART_Init        stm32f10x_usart.o
    0x08001508   0x08001508   0x00000008   Code   RO         2892    i.USART_ReceiveData  stm32f10x_usart.o
    0x08001510   0x08001510   0x0000001e   Code   RO         3515    i.USART_SendByte    usart.o
    0x0800152e   0x0800152e   0x00000008   Code   RO         2895    i.USART_SendData    stm32f10x_usart.o
    0x08001536   0x08001536   0x00000038   Code   RO         3518    i.USART_SendString  usart.o
    0x0800156e   0x0800156e   0x00000002   Code   RO         3120    i.UsageFault_Handler  stm32f10x_it.o
    0x08001570   0x08001570   0x00000020   Code   RO         4443    i.__0printf         mc_w.l(printfa.o)
    0x08001590   0x08001590   0x0000000e   Code   RO         4534    i.__scatterload_copy  mc_w.l(handlers.o)
    0x0800159e   0x0800159e   0x00000002   Code   RO         4535    i.__scatterload_null  mc_w.l(handlers.o)
    0x080015a0   0x080015a0   0x0000000e   Code   RO         4536    i.__scatterload_zeroinit  mc_w.l(handlers.o)
    0x080015ae   0x080015ae   0x00000002   PAD
    0x080015b0   0x080015b0   0x00000184   Code   RO         4450    i._fp_digits        mc_w.l(printfa.o)
    0x08001734   0x08001734   0x000006dc   Code   RO         4451    i._printf_core      mc_w.l(printfa.o)
    0x08001e10   0x08001e10   0x00000024   Code   RO         4452    i._printf_post_padding  mc_w.l(printfa.o)
    0x08001e34   0x08001e34   0x0000002e   Code   RO         4453    i._printf_pre_padding  mc_w.l(printfa.o)
    0x08001e62   0x08001e62   0x00000002   PAD
    0x08001e64   0x08001e64   0x000000d4   Code   RO         3874    i.check_fs          ff.o
    0x08001f38   0x08001f38   0x00000050   Code   RO         3814    i.disk_initialize   diskio.o
    0x08001f88   0x08001f88   0x0000002a   Code   RO         3815    i.disk_ioctl        diskio.o
    0x08001fb2   0x08001fb2   0x00000002   PAD
    0x08001fb4   0x08001fb4   0x00000074   Code   RO         3816    i.disk_read         diskio.o
    0x08002028   0x08002028   0x00000050   Code   RO         3817    i.disk_status       diskio.o
    0x08002078   0x08002078   0x0000003e   Code   RO         3818    i.disk_write        diskio.o
    0x080020b6   0x080020b6   0x00000002   PAD
    0x080020b8   0x080020b8   0x0000004c   Code   RO         3893    i.f_mount           ff.o
    0x08002104   0x08002104   0x00000062   Code   RO         3904    i.find_volume       ff.o
    0x08002166   0x08002166   0x00000002   PAD
    0x08002168   0x08002168   0x00000024   Code   RO         3519    i.fputc             usart.o
    0x0800218c   0x0800218c   0x00000046   Code   RO         3908    i.get_ldnumber      ff.o
    0x080021d2   0x080021d2   0x00000016   Code   RO         3910    i.ld_dword          ff.o
    0x080021e8   0x080021e8   0x0000000a   Code   RO         3911    i.ld_word           ff.o
    0x080021f2   0x080021f2   0x00000002   PAD
    0x080021f4   0x080021f4   0x00000218   Code   RO         4151    i.main              main.o
    0x0800240c   0x0800240c   0x0000000c   Code   RO         3225    i.millis            delay.o
    0x08002418   0x08002418   0x0000027c   Code   RO         3912    i.mount_volume      ff.o
    0x08002694   0x08002694   0x00000034   Code   RO         3913    i.move_window       ff.o
    0x080026c8   0x080026c8   0x00000048   Code   RO         3920    i.sync_window       ff.o
    0x08002710   0x08002710   0x00000020   Data   RO         4532    Region$$Table       anon$$obj.o


    Execution Region RW_IRAM1 (Exec base: 0x20000000, Load base: 0x08002730, Size: 0x00001478, Max: 0x00010000, ABSOLUTE)

    Exec Addr    Load Addr    Size         Type   Attr      Idx    E Section Name        Object

    0x20000000   0x08002730   0x00000014   Data   RW           28    .data               system_stm32f10x.o
    0x20000014   0x08002744   0x00000014   Data   RW         1738    .data               stm32f10x_rcc.o
    0x20000028   0x08002758   0x00000008   Data   RW         3121    .data               stm32f10x_it.o
    0x20000030   0x08002760   0x00000004   Data   RW         3226    .data               delay.o
    0x20000034   0x08002764   0x00000008   Data   RW         3923    .data               ff.o
    0x2000003c   0x0800276c   0x00000004   Data   RW         4493    .data               mc_w.l(stdout.o)
    0x20000040        -       0x00001034   Zero   RW         4152    .bss                main.o
    0x20001074   0x08002770   0x00000004   PAD
    0x20001078        -       0x00000400   Zero   RW           17    STACK               startup_stm32f103xe.o


==============================================================================

Image component sizes


      Code (inc. data)   RO Data    RW Data    ZI Data      Debug   Object Name

         0          0          0          0          0       4540   core_cm3.o
       100         22          0          4          0     243038   delay.o
       380        124          0          0          0       7178   diskio.o
      1248         38          0          8          0      22986   ff.o
       140          0          0          0          0        633   hse_set.o
       104         14          0          0          0        849   led.o
       536        218          0          0       4148       3352   main.o
       120         14          0          0          0       1555   misc.o
       888         52          0          0          0       6373   spi.o
        36          8        304          0       1024        788   startup_stm32f103xe.o
        44         10          0          0          0       1076   stm32f10x_exti.o
        44         12          0          0          0        977   stm32f10x_flash.o
       174          0          0          0          0       3020   stm32f10x_gpio.o
       228         38          0          8          0       6452   stm32f10x_it.o
       624        106          0         20          0      11243   stm32f10x_rcc.o
       102          0          0          0          0       3726   stm32f10x_spi.o
       540         26          0          0          0       7562   stm32f10x_usart.o
       384         44          0         20          0     237397   system_stm32f10x.o
       314         14          0          0          0       4262   usart.o

    ----------------------------------------------------------------------
      6016        740        336         60       5176     567007   Object Totals
         0          0         32          0          0          0   (incl. Generated)
        10          0          0          0          4          0   (incl. Padding)

    ----------------------------------------------------------------------

      Code (inc. data)   RO Data    RW Data    ZI Data      Debug   Library Member Name

         0          0          0          0          0          0   entry.o
         0          0          0          0          0          0   entry10a.o
         0          0          0          0          0          0   entry11a.o
         8          4          0          0          0          0   entry2.o
         4          0          0          0          0          0   entry5.o
         0          0          0          0          0          0   entry7b.o
         0          0          0          0          0          0   entry8b.o
         8          4          0          0          0          0   entry9a.o
        30          0          0          0          0          0   handlers.o
        36          8          0          0          0         68   init.o
         0          0          0          0          0          0   iusefp.o
        30          0          0          0          0         68   llshl.o
        36          0          0          0          0         68   llsshr.o
        32          0          0          0          0         68   llushr.o
        26          0          0          0          0         80   memcmp.o
      2258         90          0          0          0        452   printfa.o
         0          0          0          4          0          0   stdout.o
        44          0          0          0          0         80   uidiv.o
        98          0          0          0          0         92   uldiv.o
        48          0          0          0          0         68   cdrcmple.o
       334          0          0          0          0        148   dadd.o
       222          0          0          0          0        100   ddiv.o
       186          0          0          0          0        176   depilogue.o
        48          0          0          0          0         68   dfixul.o
       228          0          0          0          0         96   dmul.o

    ----------------------------------------------------------------------
      3680        106          0          4          0       1632   Library Totals
         4          0          0          0          0          0   (incl. Padding)

    ----------------------------------------------------------------------

      Code (inc. data)   RO Data    RW Data    ZI Data      Debug   Library Name

      2610        106          0          4          0        976   mc_w.l
      1066          0          0          0          0        656   mf_w.l

    ----------------------------------------------------------------------
      3680        106          0          4          0       1632   Library Totals

    ----------------------------------------------------------------------

==============================================================================


      Code (inc. data)   RO Data    RW Data    ZI Data      Debug   

      9696        846        336         64       5176     563383   Grand Totals
      9696        846        336         64       5176     563383   ELF Image Totals
      9696        846        336         64          0          0   ROM Totals

==============================================================================

    Total RO  Size (Code + RO Data)                10032 (   9.80kB)
    Total RW  Size (RW Data + ZI Data)              5240 (   5.12kB)
    Total ROM Size (Code + RO Data + RW Data)      10096 (   9.86kB)

==============================================================================

